yarn run v1.22.19
$ ts-node src/index.ts
Platform: darwin
Architecture: arm64
Starting the headless browser...
Headless browser started.
yarn run v1.22.19
$ ts-node src/index.ts
yarn run v1.22.19
$ ts-node src/index.ts
Platform: darwin
Architecture: arm64
Starting the headless browser...
Headless browser started.
yarn run v1.22.19
$ ts-node src/index.ts
Platform: darwin
Architecture: arm64
Starting the headless browser...
yarn run v1.22.19
$ ts-node src/index.ts
Headless browser started.
yarn run v1.22.19
$ ts-node src/index.ts
Platform: darwin
Architecture: arm64
Starting the headless browser...
Headless browser started.
yarn run v1.22.19
$ ts-node src/index.ts
yarn run v1.22.19
$ ts-node src/index.ts
yarn run v1.22.19
$ ts-node src/index.ts
Platform: darwin
Architecture: arm64
Starting the headless browser...
Headless browser started.
yarn run v1.22.19
$ ts-node src/index.ts
Platform: darwin
Architecture: arm64
Starting the headless browser...
yarn run v1.22.19
Headless browser started.
$ ts-node src/index.ts
yarn run v1.22.19
$ ts-node src/index.ts
Platform: darwin
Architecture: arm64
Starting the headless browser...
yarn run v1.22.19
$ ts-node src/index.ts
Headless browser started.
Platform: darwin
Architecture: arm64
Starting the headless browser...
yarn run v1.22.19
$ ts-node src/index.ts
Headless browser started.
yarn run v1.22.19
$ ts-node src/index.ts
Platform: darwin
Architecture: arm64
Starting the headless browser...
Headless browser started.
yarn run v1.22.19
$ ts-node src/index.ts
yarn run v1.22.19
$ ts-node src/index.ts
yarn run v1.22.19
Platform: darwin
Architecture: arm64
Starting the headless browser...
$ ts-node src/index.ts
Headless browser started.
Platform: darwin
Architecture: arm64
Starting the headless browser...
Headless browser started.
yarn run v1.22.19
$ ts-node src/index.ts
yarn run v1.22.19
yarn run v1.22.19
Platform: darwin
Architecture: arm64
Starting the headless browser...
Platform: darwin
Architecture: arm64
Starting the headless browser...
$ ts-node src/index.ts
Headless browser started.
$ ts-node src/index.ts
Headless browser started.
yarn run v1.22.19
$ ts-node src/index.ts
yarn run v1.22.19
$ ts-node src/index.ts
yarn run v1.22.19
$ ts-node src/index.ts
Platform: darwin
Architecture: arm64
Starting the headless browser...
Platform: darwin
Architecture: arm64
Starting the headless browser...
Headless browser started.
yarn run v1.22.19
Headless browser started.
$ ts-node src/index.ts
yarn run v1.22.19
$ ts-node src/index.ts
Platform: darwin
Architecture: arm64
Starting the headless browser...
Platform: darwin
Architecture: arm64
Starting the headless browser...
yarn run v1.22.19
Headless browser started.
Headless browser started.
$ ts-node src/index.ts
Platform: darwin
Architecture: arm64
Starting the headless browser...
Headless browser started.
Platform: darwin
Architecture: arm64
Starting the headless browser...
Headless browser started.
Platform: darwin
Architecture: arm64
Starting the headless browser...
Platform: darwin
Architecture: arm64
Starting the headless browser...
Platform: darwin
Architecture: arm64
Starting the headless browser...
Headless browser started.
Headless browser started.
Headless browser started.
Platform: darwin
Architecture: arm64
Starting the headless browser...
Headless browser started.
Platform: darwin
Architecture: arm64
Starting the headless browser...
Headless browser started.
Platform: darwin
Architecture: arm64
Starting the headless browser...
Headless browser started.
Waiting for 60 seconds...
Platform: darwin
Architecture: arm64
Starting the headless browser...
Platform: darwin
Architecture: arm64
Starting the headless browser...
Headless browser started.
Headless browser started.
Waiting for 60 seconds...
/Users/ge/mit/vuer-headless/node_modules/puppeteer-core/src/util/Deferred.ts:33
      this.#timeoutError = new TimeoutError(opts.message);
                           ^
TimeoutError: Navigation timeout of 30000 ms exceeded
    at new Deferred (/Users/ge/mit/vuer-headless/node_modules/puppeteer-core/src/util/Deferred.ts:33:28)
    at Function.create (/Users/ge/mit/vuer-headless/node_modules/puppeteer-core/src/util/Deferred.ts:85:12)
    at new LifecycleWatcher (/Users/ge/mit/vuer-headless/node_modules/puppeteer-core/src/cdp/LifecycleWatcher.ts:170:42)
    at CdpFrame.goto (/Users/ge/mit/vuer-headless/node_modules/puppeteer-core/src/cdp/Frame.ts:138:21)
    at CdpFrame.<anonymous> (/Users/ge/mit/vuer-headless/node_modules/puppeteer-core/src/util/decorators.ts:61:21)
    at CdpPage.goto (/Users/ge/mit/vuer-headless/node_modules/puppeteer-core/src/api/Page.ts:1560:35)
    at /Users/ge/mit/vuer-headless/src/index.ts:33:14
    at Generator.next (<anonymous>)
    at fulfilled (/Users/ge/mit/vuer-headless/src/index.ts:28:58)
    at processTicksAndRejections (node:internal/process/task_queues:95:5)
error Command failed with exit code 1.
info Visit https://yarnpkg.com/en/docs/cli/run for documentation about this command.
/Users/ge/mit/vuer-headless/node_modules/puppeteer-core/src/util/Deferred.ts:33
      this.#timeoutError = new TimeoutError(opts.message);
                           ^
TimeoutError: Navigation timeout of 30000 ms exceeded
    at new Deferred (/Users/ge/mit/vuer-headless/node_modules/puppeteer-core/src/util/Deferred.ts:33:28)
    at Function.create (/Users/ge/mit/vuer-headless/node_modules/puppeteer-core/src/util/Deferred.ts:85:12)
    at new LifecycleWatcher (/Users/ge/mit/vuer-headless/node_modules/puppeteer-core/src/cdp/LifecycleWatcher.ts:170:42)
    at CdpFrame.goto (/Users/ge/mit/vuer-headless/node_modules/puppeteer-core/src/cdp/Frame.ts:138:21)
    at CdpFrame.<anonymous> (/Users/ge/mit/vuer-headless/node_modules/puppeteer-core/src/util/decorators.ts:61:21)
    at CdpPage.goto (/Users/ge/mit/vuer-headless/node_modules/puppeteer-core/src/api/Page.ts:1560:35)
    at /Users/ge/mit/vuer-headless/src/index.ts:33:14
    at Generator.next (<anonymous>)
    at fulfilled (/Users/ge/mit/vuer-headless/src/index.ts:28:58)
    at processTicksAndRejections (node:internal/process/task_queues:95:5)
error Command failed with exit code 1.
info Visit https://yarnpkg.com/en/docs/cli/run for documentation about this command.
/Users/ge/mit/vuer-headless/node_modules/puppeteer-core/src/util/Deferred.ts:33
      this.#timeoutError = new TimeoutError(opts.message);
                           ^
TimeoutError: Navigation timeout of 30000 ms exceeded
    at new Deferred (/Users/ge/mit/vuer-headless/node_modules/puppeteer-core/src/util/Deferred.ts:33:28)
    at Function.create (/Users/ge/mit/vuer-headless/node_modules/puppeteer-core/src/util/Deferred.ts:85:12)
    at new LifecycleWatcher (/Users/ge/mit/vuer-headless/node_modules/puppeteer-core/src/cdp/LifecycleWatcher.ts:170:42)
    at CdpFrame.goto (/Users/ge/mit/vuer-headless/node_modules/puppeteer-core/src/cdp/Frame.ts:138:21)
    at CdpFrame.<anonymous> (/Users/ge/mit/vuer-headless/node_modules/puppeteer-core/src/util/decorators.ts:61:21)
    at CdpPage.goto (/Users/ge/mit/vuer-headless/node_modules/puppeteer-core/src/api/Page.ts:1560:35)
    at /Users/ge/mit/vuer-headless/src/index.ts:33:14
    at Generator.next (<anonymous>)
    at fulfilled (/Users/ge/mit/vuer-headless/src/index.ts:28:58)
    at processTicksAndRejections (node:internal/process/task_queues:95:5)
error Command failed with exit code 1.
info Visit https://yarnpkg.com/en/docs/cli/run for documentation about this command.
/Users/ge/mit/vuer-headless/node_modules/puppeteer-core/src/util/Deferred.ts:33
      this.#timeoutError = new TimeoutError(opts.message);
                           ^
TimeoutError: Navigation timeout of 30000 ms exceeded
    at new Deferred (/Users/ge/mit/vuer-headless/node_modules/puppeteer-core/src/util/Deferred.ts:33:28)
    at Function.create (/Users/ge/mit/vuer-headless/node_modules/puppeteer-core/src/util/Deferred.ts:85:12)
    at new LifecycleWatcher (/Users/ge/mit/vuer-headless/node_modules/puppeteer-core/src/cdp/LifecycleWatcher.ts:170:42)
    at CdpFrame.goto (/Users/ge/mit/vuer-headless/node_modules/puppeteer-core/src/cdp/Frame.ts:138:21)
    at CdpFrame.<anonymous> (/Users/ge/mit/vuer-headless/node_modules/puppeteer-core/src/util/decorators.ts:61:21)
    at CdpPage.goto (/Users/ge/mit/vuer-headless/node_modules/puppeteer-core/src/api/Page.ts:1560:35)
    at /Users/ge/mit/vuer-headless/src/index.ts:33:14
    at Generator.next (<anonymous>)
    at fulfilled (/Users/ge/mit/vuer-headless/src/index.ts:28:58)
    at processTicksAndRejections (node:internal/process/task_queues:95:5)
error Command failed with exit code 1.
info Visit https://yarnpkg.com/en/docs/cli/run for documentation about this command.
yarn run v1.22.19
$ ts-node src/index.ts
/Users/ge/mit/vuer-headless/node_modules/puppeteer-core/src/util/Deferred.ts:33
      this.#timeoutError = new TimeoutError(opts.message);
                           ^
TimeoutError: Navigation timeout of 30000 ms exceeded
    at new Deferred (/Users/ge/mit/vuer-headless/node_modules/puppeteer-core/src/util/Deferred.ts:33:28)
    at Function.create (/Users/ge/mit/vuer-headless/node_modules/puppeteer-core/src/util/Deferred.ts:85:12)
    at new LifecycleWatcher (/Users/ge/mit/vuer-headless/node_modules/puppeteer-core/src/cdp/LifecycleWatcher.ts:170:42)
    at CdpFrame.goto (/Users/ge/mit/vuer-headless/node_modules/puppeteer-core/src/cdp/Frame.ts:138:21)
    at CdpFrame.<anonymous> (/Users/ge/mit/vuer-headless/node_modules/puppeteer-core/src/util/decorators.ts:61:21)
    at CdpPage.goto (/Users/ge/mit/vuer-headless/node_modules/puppeteer-core/src/api/Page.ts:1560:35)
    at /Users/ge/mit/vuer-headless/src/index.ts:33:14
    at Generator.next (<anonymous>)
    at fulfilled (/Users/ge/mit/vuer-headless/src/index.ts:28:58)
    at processTicksAndRejections (node:internal/process/task_queues:95:5)
error Command failed with exit code 1.
info Visit https://yarnpkg.com/en/docs/cli/run for documentation about this command.
Waiting for 60 seconds...
yarn run v1.22.19
$ ts-node src/index.ts
yarn run v1.22.19
$ ts-node src/index.ts
yarn run v1.22.19
$ ts-node src/index.ts
/Users/ge/mit/vuer-headless/node_modules/puppeteer-core/src/util/Deferred.ts:33
      this.#timeoutError = new TimeoutError(opts.message);
                           ^
TimeoutError: Navigation timeout of 30000 ms exceeded
    at new Deferred (/Users/ge/mit/vuer-headless/node_modules/puppeteer-core/src/util/Deferred.ts:33:28)
    at Function.create (/Users/ge/mit/vuer-headless/node_modules/puppeteer-core/src/util/Deferred.ts:85:12)
    at new LifecycleWatcher (/Users/ge/mit/vuer-headless/node_modules/puppeteer-core/src/cdp/LifecycleWatcher.ts:170:42)
    at CdpFrame.goto (/Users/ge/mit/vuer-headless/node_modules/puppeteer-core/src/cdp/Frame.ts:138:21)
    at CdpFrame.<anonymous> (/Users/ge/mit/vuer-headless/node_modules/puppeteer-core/src/util/decorators.ts:61:21)
    at CdpPage.goto (/Users/ge/mit/vuer-headless/node_modules/puppeteer-core/src/api/Page.ts:1560:35)
    at /Users/ge/mit/vuer-headless/src/index.ts:33:14
    at Generator.next (<anonymous>)
    at fulfilled (/Users/ge/mit/vuer-headless/src/index.ts:28:58)
    at processTicksAndRejections (node:internal/process/task_queues:95:5)
error Command failed with exit code 1.
info Visit https://yarnpkg.com/en/docs/cli/run for documentation about this command.
/Users/ge/mit/vuer-headless/node_modules/puppeteer-core/src/util/Deferred.ts:33
      this.#timeoutError = new TimeoutError(opts.message);
                           ^
TimeoutError: Navigation timeout of 30000 ms exceeded
    at new Deferred (/Users/ge/mit/vuer-headless/node_modules/puppeteer-core/src/util/Deferred.ts:33:28)
    at Function.create (/Users/ge/mit/vuer-headless/node_modules/puppeteer-core/src/util/Deferred.ts:85:12)
    at new LifecycleWatcher (/Users/ge/mit/vuer-headless/node_modules/puppeteer-core/src/cdp/LifecycleWatcher.ts:170:42)
    at CdpFrame.goto (/Users/ge/mit/vuer-headless/node_modules/puppeteer-core/src/cdp/Frame.ts:138:21)
    at CdpFrame.<anonymous> (/Users/ge/mit/vuer-headless/node_modules/puppeteer-core/src/util/decorators.ts:61:21)
    at CdpPage.goto (/Users/ge/mit/vuer-headless/node_modules/puppeteer-core/src/api/Page.ts:1560:35)
    at /Users/ge/mit/vuer-headless/src/index.ts:33:14
    at Generator.next (<anonymous>)
    at fulfilled (/Users/ge/mit/vuer-headless/src/index.ts:28:58)
    at processTicksAndRejections (node:internal/process/task_queues:95:5)
error Command failed with exit code 1.
info Visit https://yarnpkg.com/en/docs/cli/run for documentation about this command.
/Users/ge/mit/vuer-headless/node_modules/puppeteer-core/src/util/Deferred.ts:33
      this.#timeoutError = new TimeoutError(opts.message);
                           ^
TimeoutError: Navigation timeout of 30000 ms exceeded
    at new Deferred (/Users/ge/mit/vuer-headless/node_modules/puppeteer-core/src/util/Deferred.ts:33:28)
    at Function.create (/Users/ge/mit/vuer-headless/node_modules/puppeteer-core/src/util/Deferred.ts:85:12)
    at new LifecycleWatcher (/Users/ge/mit/vuer-headless/node_modules/puppeteer-core/src/cdp/LifecycleWatcher.ts:170:42)
    at CdpFrame.goto (/Users/ge/mit/vuer-headless/node_modules/puppeteer-core/src/cdp/Frame.ts:138:21)
    at CdpFrame.<anonymous> (/Users/ge/mit/vuer-headless/node_modules/puppeteer-core/src/util/decorators.ts:61:21)
    at CdpPage.goto (/Users/ge/mit/vuer-headless/node_modules/puppeteer-core/src/api/Page.ts:1560:35)
    at /Users/ge/mit/vuer-headless/src/index.ts:33:14
    at Generator.next (<anonymous>)
    at fulfilled (/Users/ge/mit/vuer-headless/src/index.ts:28:58)
    at processTicksAndRejections (node:internal/process/task_queues:95:5)
error Command failed with exit code 1.
info Visit https://yarnpkg.com/en/docs/cli/run for documentation about this command.
Platform: darwin
Architecture: arm64
Starting the headless browser...
/Users/ge/mit/vuer-headless/node_modules/puppeteer-core/src/util/Deferred.ts:33
      this.#timeoutError = new TimeoutError(opts.message);
                           ^
TimeoutError: Navigation timeout of 30000 ms exceeded
    at new Deferred (/Users/ge/mit/vuer-headless/node_modules/puppeteer-core/src/util/Deferred.ts:33:28)
    at Function.create (/Users/ge/mit/vuer-headless/node_modules/puppeteer-core/src/util/Deferred.ts:85:12)
    at new LifecycleWatcher (/Users/ge/mit/vuer-headless/node_modules/puppeteer-core/src/cdp/LifecycleWatcher.ts:170:42)
    at CdpFrame.goto (/Users/ge/mit/vuer-headless/node_modules/puppeteer-core/src/cdp/Frame.ts:138:21)
    at CdpFrame.<anonymous> (/Users/ge/mit/vuer-headless/node_modules/puppeteer-core/src/util/decorators.ts:61:21)
    at CdpPage.goto (/Users/ge/mit/vuer-headless/node_modules/puppeteer-core/src/api/Page.ts:1560:35)
    at /Users/ge/mit/vuer-headless/src/index.ts:33:14
    at Generator.next (<anonymous>)
    at fulfilled (/Users/ge/mit/vuer-headless/src/index.ts:28:58)
    at processTicksAndRejections (node:internal/process/task_queues:95:5)
error Command failed with exit code 1.
info Visit https://yarnpkg.com/en/docs/cli/run for documentation about this command.
Platform: darwin
Architecture: arm64
Starting the headless browser...
Headless browser started.
Headless browser started.
Waiting for 60 seconds...
Platform: darwin
Architecture: arm64
Starting the headless browser...
Headless browser started.
/Users/ge/mit/vuer-headless/node_modules/puppeteer-core/src/util/Deferred.ts:33
      this.#timeoutError = new TimeoutError(opts.message);
                           ^
TimeoutError: Navigation timeout of 30000 ms exceeded
    at new Deferred (/Users/ge/mit/vuer-headless/node_modules/puppeteer-core/src/util/Deferred.ts:33:28)
    at Function.create (/Users/ge/mit/vuer-headless/node_modules/puppeteer-core/src/util/Deferred.ts:85:12)
    at new LifecycleWatcher (/Users/ge/mit/vuer-headless/node_modules/puppeteer-core/src/cdp/LifecycleWatcher.ts:170:42)
    at CdpFrame.goto (/Users/ge/mit/vuer-headless/node_modules/puppeteer-core/src/cdp/Frame.ts:138:21)
    at CdpFrame.<anonymous> (/Users/ge/mit/vuer-headless/node_modules/puppeteer-core/src/util/decorators.ts:61:21)
    at CdpPage.goto (/Users/ge/mit/vuer-headless/node_modules/puppeteer-core/src/api/Page.ts:1560:35)
    at /Users/ge/mit/vuer-headless/src/index.ts:33:14
    at Generator.next (<anonymous>)
    at fulfilled (/Users/ge/mit/vuer-headless/src/index.ts:28:58)
    at processTicksAndRejections (node:internal/process/task_queues:95:5)
error Command failed with exit code 1.
info Visit https://yarnpkg.com/en/docs/cli/run for documentation about this command.
Platform: darwin
Architecture: arm64
Starting the headless browser...
Headless browser started.
/Users/ge/mit/vuer-headless/node_modules/puppeteer-core/src/util/Deferred.ts:33
      this.#timeoutError = new TimeoutError(opts.message);
                           ^
TimeoutError: Navigation timeout of 30000 ms exceeded
    at new Deferred (/Users/ge/mit/vuer-headless/node_modules/puppeteer-core/src/util/Deferred.ts:33:28)
    at Function.create (/Users/ge/mit/vuer-headless/node_modules/puppeteer-core/src/util/Deferred.ts:85:12)
    at new LifecycleWatcher (/Users/ge/mit/vuer-headless/node_modules/puppeteer-core/src/cdp/LifecycleWatcher.ts:170:42)
    at CdpFrame.goto (/Users/ge/mit/vuer-headless/node_modules/puppeteer-core/src/cdp/Frame.ts:138:21)
    at CdpFrame.<anonymous> (/Users/ge/mit/vuer-headless/node_modules/puppeteer-core/src/util/decorators.ts:61:21)
    at CdpPage.goto (/Users/ge/mit/vuer-headless/node_modules/puppeteer-core/src/api/Page.ts:1560:35)
    at /Users/ge/mit/vuer-headless/src/index.ts:33:14
    at Generator.next (<anonymous>)
    at fulfilled (/Users/ge/mit/vuer-headless/src/index.ts:28:58)
    at processTicksAndRejections (node:internal/process/task_queues:95:5)
error Command failed with exit code 1.
info Visit https://yarnpkg.com/en/docs/cli/run for documentation about this command.
/Users/ge/mit/vuer-headless/node_modules/puppeteer-core/src/util/Deferred.ts:33
      this.#timeoutError = new TimeoutError(opts.message);
                           ^
TimeoutError: Navigation timeout of 30000 ms exceeded
    at new Deferred (/Users/ge/mit/vuer-headless/node_modules/puppeteer-core/src/util/Deferred.ts:33:28)
    at Function.create (/Users/ge/mit/vuer-headless/node_modules/puppeteer-core/src/util/Deferred.ts:85:12)
    at new LifecycleWatcher (/Users/ge/mit/vuer-headless/node_modules/puppeteer-core/src/cdp/LifecycleWatcher.ts:170:42)
    at CdpFrame.goto (/Users/ge/mit/vuer-headless/node_modules/puppeteer-core/src/cdp/Frame.ts:138:21)
    at CdpFrame.<anonymous> (/Users/ge/mit/vuer-headless/node_modules/puppeteer-core/src/util/decorators.ts:61:21)
    at CdpPage.goto (/Users/ge/mit/vuer-headless/node_modules/puppeteer-core/src/api/Page.ts:1560:35)
    at /Users/ge/mit/vuer-headless/src/index.ts:33:14
    at Generator.next (<anonymous>)
    at fulfilled (/Users/ge/mit/vuer-headless/src/index.ts:28:58)
    at processTicksAndRejections (node:internal/process/task_queues:95:5)
error Command failed with exit code 1.
info Visit https://yarnpkg.com/en/docs/cli/run for documentation about this command.
/Users/ge/mit/vuer-headless/node_modules/puppeteer-core/src/util/Deferred.ts:33
      this.#timeoutError = new TimeoutError(opts.message);
                           ^
TimeoutError: Navigation timeout of 30000 ms exceeded
    at new Deferred (/Users/ge/mit/vuer-headless/node_modules/puppeteer-core/src/util/Deferred.ts:33:28)
    at Function.create (/Users/ge/mit/vuer-headless/node_modules/puppeteer-core/src/util/Deferred.ts:85:12)
    at new LifecycleWatcher (/Users/ge/mit/vuer-headless/node_modules/puppeteer-core/src/cdp/LifecycleWatcher.ts:170:42)
    at CdpFrame.goto (/Users/ge/mit/vuer-headless/node_modules/puppeteer-core/src/cdp/Frame.ts:138:21)
    at CdpFrame.<anonymous> (/Users/ge/mit/vuer-headless/node_modules/puppeteer-core/src/util/decorators.ts:61:21)
    at CdpPage.goto (/Users/ge/mit/vuer-headless/node_modules/puppeteer-core/src/api/Page.ts:1560:35)
    at /Users/ge/mit/vuer-headless/src/index.ts:33:14
    at Generator.next (<anonymous>)
    at fulfilled (/Users/ge/mit/vuer-headless/src/index.ts:28:58)
    at processTicksAndRejections (node:internal/process/task_queues:95:5)
error Command failed with exit code 1.
info Visit https://yarnpkg.com/en/docs/cli/run for documentation about this command.
/Users/ge/mit/vuer-headless/node_modules/puppeteer-core/src/util/Deferred.ts:33
      this.#timeoutError = new TimeoutError(opts.message);
                           ^
TimeoutError: Navigation timeout of 30000 ms exceeded
    at new Deferred (/Users/ge/mit/vuer-headless/node_modules/puppeteer-core/src/util/Deferred.ts:33:28)
    at Function.create (/Users/ge/mit/vuer-headless/node_modules/puppeteer-core/src/util/Deferred.ts:85:12)
    at new LifecycleWatcher (/Users/ge/mit/vuer-headless/node_modules/puppeteer-core/src/cdp/LifecycleWatcher.ts:170:42)
    at CdpFrame.goto (/Users/ge/mit/vuer-headless/node_modules/puppeteer-core/src/cdp/Frame.ts:138:21)
    at CdpFrame.<anonymous> (/Users/ge/mit/vuer-headless/node_modules/puppeteer-core/src/util/decorators.ts:61:21)
    at CdpPage.goto (/Users/ge/mit/vuer-headless/node_modules/puppeteer-core/src/api/Page.ts:1560:35)
    at /Users/ge/mit/vuer-headless/src/index.ts:33:14
    at Generator.next (<anonymous>)
    at fulfilled (/Users/ge/mit/vuer-headless/src/index.ts:28:58)
    at processTicksAndRejections (node:internal/process/task_queues:95:5)
error Command failed with exit code 1.
info Visit https://yarnpkg.com/en/docs/cli/run for documentation about this command.
/Users/ge/mit/vuer-headless/node_modules/puppeteer-core/src/util/Deferred.ts:33
      this.#timeoutError = new TimeoutError(opts.message);
                           ^
TimeoutError: Navigation timeout of 30000 ms exceeded
    at new Deferred (/Users/ge/mit/vuer-headless/node_modules/puppeteer-core/src/util/Deferred.ts:33:28)
    at Function.create (/Users/ge/mit/vuer-headless/node_modules/puppeteer-core/src/util/Deferred.ts:85:12)
    at new LifecycleWatcher (/Users/ge/mit/vuer-headless/node_modules/puppeteer-core/src/cdp/LifecycleWatcher.ts:170:42)
    at CdpFrame.goto (/Users/ge/mit/vuer-headless/node_modules/puppeteer-core/src/cdp/Frame.ts:138:21)
    at CdpFrame.<anonymous> (/Users/ge/mit/vuer-headless/node_modules/puppeteer-core/src/util/decorators.ts:61:21)
    at CdpPage.goto (/Users/ge/mit/vuer-headless/node_modules/puppeteer-core/src/api/Page.ts:1560:35)
    at /Users/ge/mit/vuer-headless/src/index.ts:33:14
    at Generator.next (<anonymous>)
    at fulfilled (/Users/ge/mit/vuer-headless/src/index.ts:28:58)
    at processTicksAndRejections (node:internal/process/task_queues:95:5)
error Command failed with exit code 1.
info Visit https://yarnpkg.com/en/docs/cli/run for documentation about this command.
/Users/ge/mit/vuer-headless/node_modules/puppeteer-core/src/util/Deferred.ts:33
      this.#timeoutError = new TimeoutError(opts.message);
                           ^
TimeoutError: Navigation timeout of 30000 ms exceeded
    at new Deferred (/Users/ge/mit/vuer-headless/node_modules/puppeteer-core/src/util/Deferred.ts:33:28)
    at Function.create (/Users/ge/mit/vuer-headless/node_modules/puppeteer-core/src/util/Deferred.ts:85:12)
    at new LifecycleWatcher (/Users/ge/mit/vuer-headless/node_modules/puppeteer-core/src/cdp/LifecycleWatcher.ts:170:42)
    at CdpFrame.goto (/Users/ge/mit/vuer-headless/node_modules/puppeteer-core/src/cdp/Frame.ts:138:21)
    at CdpFrame.<anonymous> (/Users/ge/mit/vuer-headless/node_modules/puppeteer-core/src/util/decorators.ts:61:21)
    at CdpPage.goto (/Users/ge/mit/vuer-headless/node_modules/puppeteer-core/src/api/Page.ts:1560:35)
    at /Users/ge/mit/vuer-headless/src/index.ts:33:14
    at Generator.next (<anonymous>)
    at fulfilled (/Users/ge/mit/vuer-headless/src/index.ts:28:58)
    at processTicksAndRejections (node:internal/process/task_queues:95:5)
error Command failed with exit code 1.
info Visit https://yarnpkg.com/en/docs/cli/run for documentation about this command.
/Users/ge/mit/vuer-headless/node_modules/puppeteer-core/src/util/Deferred.ts:33
      this.#timeoutError = new TimeoutError(opts.message);
                           ^
TimeoutError: Navigation timeout of 30000 ms exceeded
    at new Deferred (/Users/ge/mit/vuer-headless/node_modules/puppeteer-core/src/util/Deferred.ts:33:28)
    at Function.create (/Users/ge/mit/vuer-headless/node_modules/puppeteer-core/src/util/Deferred.ts:85:12)
    at new LifecycleWatcher (/Users/ge/mit/vuer-headless/node_modules/puppeteer-core/src/cdp/LifecycleWatcher.ts:170:42)
    at CdpFrame.goto (/Users/ge/mit/vuer-headless/node_modules/puppeteer-core/src/cdp/Frame.ts:138:21)
    at CdpFrame.<anonymous> (/Users/ge/mit/vuer-headless/node_modules/puppeteer-core/src/util/decorators.ts:61:21)
    at CdpPage.goto (/Users/ge/mit/vuer-headless/node_modules/puppeteer-core/src/api/Page.ts:1560:35)
    at /Users/ge/mit/vuer-headless/src/index.ts:33:14
    at Generator.next (<anonymous>)
    at fulfilled (/Users/ge/mit/vuer-headless/src/index.ts:28:58)
    at processTicksAndRejections (node:internal/process/task_queues:95:5)
error Command failed with exit code 1.
info Visit https://yarnpkg.com/en/docs/cli/run for documentation about this command.
/Users/ge/mit/vuer-headless/node_modules/puppeteer-core/src/util/Deferred.ts:33
      this.#timeoutError = new TimeoutError(opts.message);
                           ^
TimeoutError: Navigation timeout of 30000 ms exceeded
    at new Deferred (/Users/ge/mit/vuer-headless/node_modules/puppeteer-core/src/util/Deferred.ts:33:28)
    at Function.create (/Users/ge/mit/vuer-headless/node_modules/puppeteer-core/src/util/Deferred.ts:85:12)
    at new LifecycleWatcher (/Users/ge/mit/vuer-headless/node_modules/puppeteer-core/src/cdp/LifecycleWatcher.ts:170:42)
    at CdpFrame.goto (/Users/ge/mit/vuer-headless/node_modules/puppeteer-core/src/cdp/Frame.ts:138:21)
    at CdpFrame.<anonymous> (/Users/ge/mit/vuer-headless/node_modules/puppeteer-core/src/util/decorators.ts:61:21)
    at CdpPage.goto (/Users/ge/mit/vuer-headless/node_modules/puppeteer-core/src/api/Page.ts:1560:35)
    at /Users/ge/mit/vuer-headless/src/index.ts:33:14
    at Generator.next (<anonymous>)
    at fulfilled (/Users/ge/mit/vuer-headless/src/index.ts:28:58)
    at processTicksAndRejections (node:internal/process/task_queues:95:5)
error Command failed with exit code 1.
info Visit https://yarnpkg.com/en/docs/cli/run for documentation about this command.
/Users/ge/mit/vuer-headless/node_modules/puppeteer-core/src/util/Deferred.ts:33
      this.#timeoutError = new TimeoutError(opts.message);
                           ^
TimeoutError: Navigation timeout of 30000 ms exceeded
    at new Deferred (/Users/ge/mit/vuer-headless/node_modules/puppeteer-core/src/util/Deferred.ts:33:28)
    at Function.create (/Users/ge/mit/vuer-headless/node_modules/puppeteer-core/src/util/Deferred.ts:85:12)
    at new LifecycleWatcher (/Users/ge/mit/vuer-headless/node_modules/puppeteer-core/src/cdp/LifecycleWatcher.ts:170:42)
    at CdpFrame.goto (/Users/ge/mit/vuer-headless/node_modules/puppeteer-core/src/cdp/Frame.ts:138:21)
    at CdpFrame.<anonymous> (/Users/ge/mit/vuer-headless/node_modules/puppeteer-core/src/util/decorators.ts:61:21)
    at CdpPage.goto (/Users/ge/mit/vuer-headless/node_modules/puppeteer-core/src/api/Page.ts:1560:35)
    at /Users/ge/mit/vuer-headless/src/index.ts:33:14
    at Generator.next (<anonymous>)
    at fulfilled (/Users/ge/mit/vuer-headless/src/index.ts:28:58)
    at processTicksAndRejections (node:internal/process/task_queues:95:5)
error Command failed with exit code 1.
info Visit https://yarnpkg.com/en/docs/cli/run for documentation about this command.
/Users/ge/mit/vuer-headless/node_modules/puppeteer-core/src/util/Deferred.ts:33
      this.#timeoutError = new TimeoutError(opts.message);
                           ^
TimeoutError: Navigation timeout of 30000 ms exceeded
    at new Deferred (/Users/ge/mit/vuer-headless/node_modules/puppeteer-core/src/util/Deferred.ts:33:28)
    at Function.create (/Users/ge/mit/vuer-headless/node_modules/puppeteer-core/src/util/Deferred.ts:85:12)
    at new LifecycleWatcher (/Users/ge/mit/vuer-headless/node_modules/puppeteer-core/src/cdp/LifecycleWatcher.ts:170:42)
    at CdpFrame.goto (/Users/ge/mit/vuer-headless/node_modules/puppeteer-core/src/cdp/Frame.ts:138:21)
    at CdpFrame.<anonymous> (/Users/ge/mit/vuer-headless/node_modules/puppeteer-core/src/util/decorators.ts:61:21)
    at CdpPage.goto (/Users/ge/mit/vuer-headless/node_modules/puppeteer-core/src/api/Page.ts:1560:35)
    at /Users/ge/mit/vuer-headless/src/index.ts:33:14
    at Generator.next (<anonymous>)
    at fulfilled (/Users/ge/mit/vuer-headless/src/index.ts:28:58)
    at processTicksAndRejections (node:internal/process/task_queues:95:5)
error Command failed with exit code 1.
info Visit https://yarnpkg.com/en/docs/cli/run for documentation about this command.
/Users/ge/mit/vuer-headless/node_modules/puppeteer-core/src/util/Deferred.ts:33
      this.#timeoutError = new TimeoutError(opts.message);
                           ^
TimeoutError: Navigation timeout of 30000 ms exceeded
    at new Deferred (/Users/ge/mit/vuer-headless/node_modules/puppeteer-core/src/util/Deferred.ts:33:28)
    at Function.create (/Users/ge/mit/vuer-headless/node_modules/puppeteer-core/src/util/Deferred.ts:85:12)
    at new LifecycleWatcher (/Users/ge/mit/vuer-headless/node_modules/puppeteer-core/src/cdp/LifecycleWatcher.ts:170:42)
    at CdpFrame.goto (/Users/ge/mit/vuer-headless/node_modules/puppeteer-core/src/cdp/Frame.ts:138:21)
    at CdpFrame.<anonymous> (/Users/ge/mit/vuer-headless/node_modules/puppeteer-core/src/util/decorators.ts:61:21)
    at CdpPage.goto (/Users/ge/mit/vuer-headless/node_modules/puppeteer-core/src/api/Page.ts:1560:35)
    at /Users/ge/mit/vuer-headless/src/index.ts:33:14
    at Generator.next (<anonymous>)
    at fulfilled (/Users/ge/mit/vuer-headless/src/index.ts:28:58)
    at processTicksAndRejections (node:internal/process/task_queues:95:5)
error Command failed with exit code 1.
info Visit https://yarnpkg.com/en/docs/cli/run for documentation about this command.
/Users/ge/mit/vuer-headless/node_modules/puppeteer-core/src/util/Deferred.ts:33
      this.#timeoutError = new TimeoutError(opts.message);
                           ^
TimeoutError: Navigation timeout of 30000 ms exceeded
    at new Deferred (/Users/ge/mit/vuer-headless/node_modules/puppeteer-core/src/util/Deferred.ts:33:28)
    at Function.create (/Users/ge/mit/vuer-headless/node_modules/puppeteer-core/src/util/Deferred.ts:85:12)
    at new LifecycleWatcher (/Users/ge/mit/vuer-headless/node_modules/puppeteer-core/src/cdp/LifecycleWatcher.ts:170:42)
    at CdpFrame.goto (/Users/ge/mit/vuer-headless/node_modules/puppeteer-core/src/cdp/Frame.ts:138:21)
    at CdpFrame.<anonymous> (/Users/ge/mit/vuer-headless/node_modules/puppeteer-core/src/util/decorators.ts:61:21)
    at CdpPage.goto (/Users/ge/mit/vuer-headless/node_modules/puppeteer-core/src/api/Page.ts:1560:35)
    at /Users/ge/mit/vuer-headless/src/index.ts:33:14
    at Generator.next (<anonymous>)
    at fulfilled (/Users/ge/mit/vuer-headless/src/index.ts:28:58)
    at processTicksAndRejections (node:internal/process/task_queues:95:5)
error Command failed with exit code 1.
info Visit https://yarnpkg.com/en/docs/cli/run for documentation about this command.
yarn run v1.22.19
$ ts-node src/index.ts
yarn run v1.22.19
$ ts-node src/index.ts
yarn run v1.22.19
$ ts-node src/index.ts
Platform: darwin
Architecture: arm64
Starting the headless browser...
Headless browser started.
yarn run v1.22.19
$ ts-node src/index.ts
Platform: darwin
Architecture: arm64
Starting the headless browser...
yarn run v1.22.19
$ ts-node src/index.ts
Headless browser started.
yarn run v1.22.19
$ ts-node src/index.ts
yarn run v1.22.19
$ ts-node src/index.ts
Platform: darwin
Architecture: arm64
Starting the headless browser...
Headless browser started.
Platform: darwin
Architecture: arm64
Starting the headless browser...
Headless browser started.
Platform: darwin
Architecture: arm64
Starting the headless browser...
yarn run v1.22.19
Headless browser started.
$ ts-node src/index.ts
/Users/ge/mit/vuer-headless/node_modules/puppeteer-core/src/util/Deferred.ts:33
      this.#timeoutError = new TimeoutError(opts.message);
                           ^
TimeoutError: Navigation timeout of 30000 ms exceeded
    at new Deferred (/Users/ge/mit/vuer-headless/node_modules/puppeteer-core/src/util/Deferred.ts:33:28)
    at Function.create (/Users/ge/mit/vuer-headless/node_modules/puppeteer-core/src/util/Deferred.ts:85:12)
    at new LifecycleWatcher (/Users/ge/mit/vuer-headless/node_modules/puppeteer-core/src/cdp/LifecycleWatcher.ts:170:42)
    at CdpFrame.goto (/Users/ge/mit/vuer-headless/node_modules/puppeteer-core/src/cdp/Frame.ts:138:21)
    at CdpFrame.<anonymous> (/Users/ge/mit/vuer-headless/node_modules/puppeteer-core/src/util/decorators.ts:61:21)
    at CdpPage.goto (/Users/ge/mit/vuer-headless/node_modules/puppeteer-core/src/api/Page.ts:1560:35)
    at /Users/ge/mit/vuer-headless/src/index.ts:33:14
    at Generator.next (<anonymous>)
    at fulfilled (/Users/ge/mit/vuer-headless/src/index.ts:28:58)
    at processTicksAndRejections (node:internal/process/task_queues:95:5)
error Command failed with exit code 1.
info Visit https://yarnpkg.com/en/docs/cli/run for documentation about this command.
/Users/ge/mit/vuer-headless/node_modules/puppeteer-core/src/util/Deferred.ts:33
      this.#timeoutError = new TimeoutError(opts.message);
                           ^
TimeoutError: Navigation timeout of 30000 ms exceeded
    at new Deferred (/Users/ge/mit/vuer-headless/node_modules/puppeteer-core/src/util/Deferred.ts:33:28)
    at Function.create (/Users/ge/mit/vuer-headless/node_modules/puppeteer-core/src/util/Deferred.ts:85:12)
    at new LifecycleWatcher (/Users/ge/mit/vuer-headless/node_modules/puppeteer-core/src/cdp/LifecycleWatcher.ts:170:42)
    at CdpFrame.goto (/Users/ge/mit/vuer-headless/node_modules/puppeteer-core/src/cdp/Frame.ts:138:21)
    at CdpFrame.<anonymous> (/Users/ge/mit/vuer-headless/node_modules/puppeteer-core/src/util/decorators.ts:61:21)
    at CdpPage.goto (/Users/ge/mit/vuer-headless/node_modules/puppeteer-core/src/api/Page.ts:1560:35)
    at /Users/ge/mit/vuer-headless/src/index.ts:33:14
    at Generator.next (<anonymous>)
    at fulfilled (/Users/ge/mit/vuer-headless/src/index.ts:28:58)
    at processTicksAndRejections (node:internal/process/task_queues:95:5)
error Command failed with exit code 1.
info Visit https://yarnpkg.com/en/docs/cli/run for documentation about this command.
yarn run v1.22.19
$ ts-node src/index.ts
Platform: darwin
Architecture: arm64
Starting the headless browser...
Headless browser started.
yarn run v1.22.19
$ ts-node src/index.ts
/Users/ge/mit/vuer-headless/node_modules/puppeteer-core/src/util/Deferred.ts:33
      this.#timeoutError = new TimeoutError(opts.message);
                           ^
TimeoutError: Navigation timeout of 30000 ms exceeded
    at new Deferred (/Users/ge/mit/vuer-headless/node_modules/puppeteer-core/src/util/Deferred.ts:33:28)
    at Function.create (/Users/ge/mit/vuer-headless/node_modules/puppeteer-core/src/util/Deferred.ts:85:12)
    at new LifecycleWatcher (/Users/ge/mit/vuer-headless/node_modules/puppeteer-core/src/cdp/LifecycleWatcher.ts:170:42)
    at CdpFrame.goto (/Users/ge/mit/vuer-headless/node_modules/puppeteer-core/src/cdp/Frame.ts:138:21)
    at CdpFrame.<anonymous> (/Users/ge/mit/vuer-headless/node_modules/puppeteer-core/src/util/decorators.ts:61:21)
    at CdpPage.goto (/Users/ge/mit/vuer-headless/node_modules/puppeteer-core/src/api/Page.ts:1560:35)
    at /Users/ge/mit/vuer-headless/src/index.ts:33:14
    at Generator.next (<anonymous>)
    at fulfilled (/Users/ge/mit/vuer-headless/src/index.ts:28:58)
    at processTicksAndRejections (node:internal/process/task_queues:95:5)
error Command failed with exit code 1.
info Visit https://yarnpkg.com/en/docs/cli/run for documentation about this command.
Platform: darwin
Architecture: arm64
Starting the headless browser...
Headless browser started.
yarn run v1.22.19
$ ts-node src/index.ts
/Users/ge/mit/vuer-headless/node_modules/puppeteer-core/src/util/Deferred.ts:33
      this.#timeoutError = new TimeoutError(opts.message);
                           ^
TimeoutError: Navigation timeout of 30000 ms exceeded
    at new Deferred (/Users/ge/mit/vuer-headless/node_modules/puppeteer-core/src/util/Deferred.ts:33:28)
    at Function.create (/Users/ge/mit/vuer-headless/node_modules/puppeteer-core/src/util/Deferred.ts:85:12)
    at new LifecycleWatcher (/Users/ge/mit/vuer-headless/node_modules/puppeteer-core/src/cdp/LifecycleWatcher.ts:170:42)
    at CdpFrame.goto (/Users/ge/mit/vuer-headless/node_modules/puppeteer-core/src/cdp/Frame.ts:138:21)
    at CdpFrame.<anonymous> (/Users/ge/mit/vuer-headless/node_modules/puppeteer-core/src/util/decorators.ts:61:21)
    at CdpPage.goto (/Users/ge/mit/vuer-headless/node_modules/puppeteer-core/src/api/Page.ts:1560:35)
    at /Users/ge/mit/vuer-headless/src/index.ts:33:14
    at Generator.next (<anonymous>)
    at fulfilled (/Users/ge/mit/vuer-headless/src/index.ts:28:58)
    at processTicksAndRejections (node:internal/process/task_queues:95:5)
error Command failed with exit code 1.
info Visit https://yarnpkg.com/en/docs/cli/run for documentation about this command.
yarn run v1.22.19
$ ts-node src/index.ts
yarn run v1.22.19
$ ts-node src/index.ts
yarn run v1.22.19
Platform: darwin
Architecture: arm64
Starting the headless browser...
$ ts-node src/index.ts
Platform: darwin
Architecture: arm64
Starting the headless browser...
Headless browser started.
Headless browser started.
yarn run v1.22.19
$ ts-node src/index.ts
Platform: darwin
Architecture: arm64
Starting the headless browser...
yarn run v1.22.19
$ ts-node src/index.ts
Headless browser started.
yarn run v1.22.19
$ ts-node src/index.ts
Platform: darwin
Architecture: arm64
Starting the headless browser...
Headless browser started.
yarn run v1.22.19
$ ts-node src/index.ts
yarn run v1.22.19
$ ts-node src/index.ts
Platform: darwin
Architecture: arm64
Starting the headless browser...
Headless browser started.
yarn run v1.22.19
$ ts-node src/index.ts
yarn run v1.22.19
$ ts-node src/index.ts
Platform: darwin
Architecture: arm64
Starting the headless browser...
yarn run v1.22.19
Headless browser started.
$ ts-node src/index.ts
Platform: darwin
Architecture: arm64
Starting the headless browser...
Headless browser started.
Platform: darwin
Architecture: arm64
Starting the headless browser...
Headless browser started.
Done in 82.76s.
Platform: darwin
Architecture: arm64
Starting the headless browser...
Platform: darwin
Architecture: arm64
Starting the headless browser...
Headless browser started.
Done in 80.67s.
Headless browser started.
Platform: darwin
Architecture: arm64
Starting the headless browser...
Headless browser started.
Platform: darwin
Architecture: arm64
Starting the headless browser...
Waiting for 60 seconds...
Headless browser started.
Platform: darwin
Architecture: arm64
Starting the headless browser...
Headless browser started.
Platform: darwin
Architecture: arm64
Starting the headless browser...
Platform: darwin
Architecture: arm64
Starting the headless browser...
Headless browser started.
Headless browser started.
Waiting for 60 seconds...
Waiting for 60 seconds...
Done in 86.39s.
Waiting for 60 seconds...
/Users/ge/mit/vuer-headless/node_modules/puppeteer-core/src/util/Deferred.ts:33
      this.#timeoutError = new TimeoutError(opts.message);
                           ^
TimeoutError: Navigation timeout of 30000 ms exceeded
    at new Deferred (/Users/ge/mit/vuer-headless/node_modules/puppeteer-core/src/util/Deferred.ts:33:28)
    at Function.create (/Users/ge/mit/vuer-headless/node_modules/puppeteer-core/src/util/Deferred.ts:85:12)
    at new LifecycleWatcher (/Users/ge/mit/vuer-headless/node_modules/puppeteer-core/src/cdp/LifecycleWatcher.ts:170:42)
    at CdpFrame.goto (/Users/ge/mit/vuer-headless/node_modules/puppeteer-core/src/cdp/Frame.ts:138:21)
    at CdpFrame.<anonymous> (/Users/ge/mit/vuer-headless/node_modules/puppeteer-core/src/util/decorators.ts:61:21)
    at CdpPage.goto (/Users/ge/mit/vuer-headless/node_modules/puppeteer-core/src/api/Page.ts:1560:35)
    at /Users/ge/mit/vuer-headless/src/index.ts:33:14
    at Generator.next (<anonymous>)
    at fulfilled (/Users/ge/mit/vuer-headless/src/index.ts:28:58)
    at processTicksAndRejections (node:internal/process/task_queues:95:5)
error Command failed with exit code 1.
info Visit https://yarnpkg.com/en/docs/cli/run for documentation about this command.
/Users/ge/mit/vuer-headless/node_modules/puppeteer-core/src/util/Deferred.ts:33
      this.#timeoutError = new TimeoutError(opts.message);
                           ^
TimeoutError: Navigation timeout of 30000 ms exceeded
    at new Deferred (/Users/ge/mit/vuer-headless/node_modules/puppeteer-core/src/util/Deferred.ts:33:28)
    at Function.create (/Users/ge/mit/vuer-headless/node_modules/puppeteer-core/src/util/Deferred.ts:85:12)
    at new LifecycleWatcher (/Users/ge/mit/vuer-headless/node_modules/puppeteer-core/src/cdp/LifecycleWatcher.ts:170:42)
    at CdpFrame.goto (/Users/ge/mit/vuer-headless/node_modules/puppeteer-core/src/cdp/Frame.ts:138:21)
    at CdpFrame.<anonymous> (/Users/ge/mit/vuer-headless/node_modules/puppeteer-core/src/util/decorators.ts:61:21)
    at CdpPage.goto (/Users/ge/mit/vuer-headless/node_modules/puppeteer-core/src/api/Page.ts:1560:35)
    at /Users/ge/mit/vuer-headless/src/index.ts:33:14
    at Generator.next (<anonymous>)
    at fulfilled (/Users/ge/mit/vuer-headless/src/index.ts:28:58)
    at processTicksAndRejections (node:internal/process/task_queues:95:5)
error Command failed with exit code 1.
info Visit https://yarnpkg.com/en/docs/cli/run for documentation about this command.
/Users/ge/mit/vuer-headless/node_modules/puppeteer-core/src/util/Deferred.ts:33
      this.#timeoutError = new TimeoutError(opts.message);
                           ^
TimeoutError: Navigation timeout of 30000 ms exceeded
    at new Deferred (/Users/ge/mit/vuer-headless/node_modules/puppeteer-core/src/util/Deferred.ts:33:28)
    at Function.create (/Users/ge/mit/vuer-headless/node_modules/puppeteer-core/src/util/Deferred.ts:85:12)
    at new LifecycleWatcher (/Users/ge/mit/vuer-headless/node_modules/puppeteer-core/src/cdp/LifecycleWatcher.ts:170:42)
    at CdpFrame.goto (/Users/ge/mit/vuer-headless/node_modules/puppeteer-core/src/cdp/Frame.ts:138:21)
    at CdpFrame.<anonymous> (/Users/ge/mit/vuer-headless/node_modules/puppeteer-core/src/util/decorators.ts:61:21)
    at CdpPage.goto (/Users/ge/mit/vuer-headless/node_modules/puppeteer-core/src/api/Page.ts:1560:35)
    at /Users/ge/mit/vuer-headless/src/index.ts:33:14
    at Generator.next (<anonymous>)
    at fulfilled (/Users/ge/mit/vuer-headless/src/index.ts:28:58)
    at processTicksAndRejections (node:internal/process/task_queues:95:5)
error Command failed with exit code 1.
info Visit https://yarnpkg.com/en/docs/cli/run for documentation about this command.
/Users/ge/mit/vuer-headless/node_modules/puppeteer-core/src/util/Deferred.ts:33
      this.#timeoutError = new TimeoutError(opts.message);
                           ^
TimeoutError: Navigation timeout of 30000 ms exceeded
    at new Deferred (/Users/ge/mit/vuer-headless/node_modules/puppeteer-core/src/util/Deferred.ts:33:28)
    at Function.create (/Users/ge/mit/vuer-headless/node_modules/puppeteer-core/src/util/Deferred.ts:85:12)
    at new LifecycleWatcher (/Users/ge/mit/vuer-headless/node_modules/puppeteer-core/src/cdp/LifecycleWatcher.ts:170:42)
    at CdpFrame.goto (/Users/ge/mit/vuer-headless/node_modules/puppeteer-core/src/cdp/Frame.ts:138:21)
    at CdpFrame.<anonymous> (/Users/ge/mit/vuer-headless/node_modules/puppeteer-core/src/util/decorators.ts:61:21)
    at CdpPage.goto (/Users/ge/mit/vuer-headless/node_modules/puppeteer-core/src/api/Page.ts:1560:35)
    at /Users/ge/mit/vuer-headless/src/index.ts:33:14
    at Generator.next (<anonymous>)
    at fulfilled (/Users/ge/mit/vuer-headless/src/index.ts:28:58)
    at processTicksAndRejections (node:internal/process/task_queues:95:5)
error Command failed with exit code 1.
info Visit https://yarnpkg.com/en/docs/cli/run for documentation about this command.
/Users/ge/mit/vuer-headless/node_modules/puppeteer-core/src/util/Deferred.ts:33
      this.#timeoutError = new TimeoutError(opts.message);
                           ^
TimeoutError: Navigation timeout of 30000 ms exceeded
    at new Deferred (/Users/ge/mit/vuer-headless/node_modules/puppeteer-core/src/util/Deferred.ts:33:28)
    at Function.create (/Users/ge/mit/vuer-headless/node_modules/puppeteer-core/src/util/Deferred.ts:85:12)
    at new LifecycleWatcher (/Users/ge/mit/vuer-headless/node_modules/puppeteer-core/src/cdp/LifecycleWatcher.ts:170:42)
    at CdpFrame.goto (/Users/ge/mit/vuer-headless/node_modules/puppeteer-core/src/cdp/Frame.ts:138:21)
    at CdpFrame.<anonymous> (/Users/ge/mit/vuer-headless/node_modules/puppeteer-core/src/util/decorators.ts:61:21)
    at CdpPage.goto (/Users/ge/mit/vuer-headless/node_modules/puppeteer-core/src/api/Page.ts:1560:35)
    at /Users/ge/mit/vuer-headless/src/index.ts:33:14
    at Generator.next (<anonymous>)
    at fulfilled (/Users/ge/mit/vuer-headless/src/index.ts:28:58)
    at processTicksAndRejections (node:internal/process/task_queues:95:5)
error Command failed with exit code 1.
info Visit https://yarnpkg.com/en/docs/cli/run for documentation about this command.
Done in 86.09s.
/Users/ge/mit/vuer-headless/node_modules/puppeteer-core/src/util/Deferred.ts:33
      this.#timeoutError = new TimeoutError(opts.message);
                           ^
TimeoutError: Navigation timeout of 30000 ms exceeded
    at new Deferred (/Users/ge/mit/vuer-headless/node_modules/puppeteer-core/src/util/Deferred.ts:33:28)
    at Function.create (/Users/ge/mit/vuer-headless/node_modules/puppeteer-core/src/util/Deferred.ts:85:12)
    at new LifecycleWatcher (/Users/ge/mit/vuer-headless/node_modules/puppeteer-core/src/cdp/LifecycleWatcher.ts:170:42)
    at CdpFrame.goto (/Users/ge/mit/vuer-headless/node_modules/puppeteer-core/src/cdp/Frame.ts:138:21)
    at CdpFrame.<anonymous> (/Users/ge/mit/vuer-headless/node_modules/puppeteer-core/src/util/decorators.ts:61:21)
    at CdpPage.goto (/Users/ge/mit/vuer-headless/node_modules/puppeteer-core/src/api/Page.ts:1560:35)
    at /Users/ge/mit/vuer-headless/src/index.ts:33:14
    at Generator.next (<anonymous>)
    at fulfilled (/Users/ge/mit/vuer-headless/src/index.ts:28:58)
    at processTicksAndRejections (node:internal/process/task_queues:95:5)
error Command failed with exit code 1.
info Visit https://yarnpkg.com/en/docs/cli/run for documentation about this command.
/Users/ge/mit/vuer-headless/node_modules/puppeteer-core/src/util/Deferred.ts:33
      this.#timeoutError = new TimeoutError(opts.message);
                           ^
TimeoutError: Navigation timeout of 30000 ms exceeded
    at new Deferred (/Users/ge/mit/vuer-headless/node_modules/puppeteer-core/src/util/Deferred.ts:33:28)
    at Function.create (/Users/ge/mit/vuer-headless/node_modules/puppeteer-core/src/util/Deferred.ts:85:12)
    at new LifecycleWatcher (/Users/ge/mit/vuer-headless/node_modules/puppeteer-core/src/cdp/LifecycleWatcher.ts:170:42)
    at CdpFrame.goto (/Users/ge/mit/vuer-headless/node_modules/puppeteer-core/src/cdp/Frame.ts:138:21)
    at CdpFrame.<anonymous> (/Users/ge/mit/vuer-headless/node_modules/puppeteer-core/src/util/decorators.ts:61:21)
    at CdpPage.goto (/Users/ge/mit/vuer-headless/node_modules/puppeteer-core/src/api/Page.ts:1560:35)
    at /Users/ge/mit/vuer-headless/src/index.ts:33:14
    at Generator.next (<anonymous>)
    at fulfilled (/Users/ge/mit/vuer-headless/src/index.ts:28:58)
    at processTicksAndRejections (node:internal/process/task_queues:95:5)
error Command failed with exit code 1.
info Visit https://yarnpkg.com/en/docs/cli/run for documentation about this command.
Waiting for 60 seconds...
/Users/ge/mit/vuer-headless/node_modules/puppeteer-core/src/util/Deferred.ts:33
      this.#timeoutError = new TimeoutError(opts.message);
                           ^
TimeoutError: Navigation timeout of 30000 ms exceeded
    at new Deferred (/Users/ge/mit/vuer-headless/node_modules/puppeteer-core/src/util/Deferred.ts:33:28)
    at Function.create (/Users/ge/mit/vuer-headless/node_modules/puppeteer-core/src/util/Deferred.ts:85:12)
    at new LifecycleWatcher (/Users/ge/mit/vuer-headless/node_modules/puppeteer-core/src/cdp/LifecycleWatcher.ts:170:42)
    at CdpFrame.goto (/Users/ge/mit/vuer-headless/node_modules/puppeteer-core/src/cdp/Frame.ts:138:21)
    at CdpFrame.<anonymous> (/Users/ge/mit/vuer-headless/node_modules/puppeteer-core/src/util/decorators.ts:61:21)
    at CdpPage.goto (/Users/ge/mit/vuer-headless/node_modules/puppeteer-core/src/api/Page.ts:1560:35)
    at /Users/ge/mit/vuer-headless/src/index.ts:33:14
    at Generator.next (<anonymous>)
    at fulfilled (/Users/ge/mit/vuer-headless/src/index.ts:28:58)
    at processTicksAndRejections (node:internal/process/task_queues:95:5)
error Command failed with exit code 1.
info Visit https://yarnpkg.com/en/docs/cli/run for documentation about this command.
/Users/ge/mit/vuer-headless/node_modules/puppeteer-core/src/util/Deferred.ts:33
      this.#timeoutError = new TimeoutError(opts.message);
                           ^
TimeoutError: Navigation timeout of 30000 ms exceeded
    at new Deferred (/Users/ge/mit/vuer-headless/node_modules/puppeteer-core/src/util/Deferred.ts:33:28)
    at Function.create (/Users/ge/mit/vuer-headless/node_modules/puppeteer-core/src/util/Deferred.ts:85:12)
    at new LifecycleWatcher (/Users/ge/mit/vuer-headless/node_modules/puppeteer-core/src/cdp/LifecycleWatcher.ts:170:42)
    at CdpFrame.goto (/Users/ge/mit/vuer-headless/node_modules/puppeteer-core/src/cdp/Frame.ts:138:21)
    at CdpFrame.<anonymous> (/Users/ge/mit/vuer-headless/node_modules/puppeteer-core/src/util/decorators.ts:61:21)
    at CdpPage.goto (/Users/ge/mit/vuer-headless/node_modules/puppeteer-core/src/api/Page.ts:1560:35)
    at /Users/ge/mit/vuer-headless/src/index.ts:33:14
    at Generator.next (<anonymous>)
    at fulfilled (/Users/ge/mit/vuer-headless/src/index.ts:28:58)
    at processTicksAndRejections (node:internal/process/task_queues:95:5)
error Command failed with exit code 1.
info Visit https://yarnpkg.com/en/docs/cli/run for documentation about this command.
/Users/ge/mit/vuer-headless/node_modules/puppeteer-core/src/util/Deferred.ts:33
      this.#timeoutError = new TimeoutError(opts.message);
                           ^
TimeoutError: Navigation timeout of 30000 ms exceeded
    at new Deferred (/Users/ge/mit/vuer-headless/node_modules/puppeteer-core/src/util/Deferred.ts:33:28)
    at Function.create (/Users/ge/mit/vuer-headless/node_modules/puppeteer-core/src/util/Deferred.ts:85:12)
    at new LifecycleWatcher (/Users/ge/mit/vuer-headless/node_modules/puppeteer-core/src/cdp/LifecycleWatcher.ts:170:42)
    at CdpFrame.goto (/Users/ge/mit/vuer-headless/node_modules/puppeteer-core/src/cdp/Frame.ts:138:21)
    at CdpFrame.<anonymous> (/Users/ge/mit/vuer-headless/node_modules/puppeteer-core/src/util/decorators.ts:61:21)
    at CdpPage.goto (/Users/ge/mit/vuer-headless/node_modules/puppeteer-core/src/api/Page.ts:1560:35)
    at /Users/ge/mit/vuer-headless/src/index.ts:33:14
    at Generator.next (<anonymous>)
    at fulfilled (/Users/ge/mit/vuer-headless/src/index.ts:28:58)
    at processTicksAndRejections (node:internal/process/task_queues:95:5)
error Command failed with exit code 1.
info Visit https://yarnpkg.com/en/docs/cli/run for documentation about this command.
/Users/ge/mit/vuer-headless/node_modules/puppeteer-core/src/util/Deferred.ts:33
      this.#timeoutError = new TimeoutError(opts.message);
                           ^
TimeoutError: Navigation timeout of 30000 ms exceeded
    at new Deferred (/Users/ge/mit/vuer-headless/node_modules/puppeteer-core/src/util/Deferred.ts:33:28)
    at Function.create (/Users/ge/mit/vuer-headless/node_modules/puppeteer-core/src/util/Deferred.ts:85:12)
    at new LifecycleWatcher (/Users/ge/mit/vuer-headless/node_modules/puppeteer-core/src/cdp/LifecycleWatcher.ts:170:42)
    at CdpFrame.goto (/Users/ge/mit/vuer-headless/node_modules/puppeteer-core/src/cdp/Frame.ts:138:21)
    at CdpFrame.<anonymous> (/Users/ge/mit/vuer-headless/node_modules/puppeteer-core/src/util/decorators.ts:61:21)
    at CdpPage.goto (/Users/ge/mit/vuer-headless/node_modules/puppeteer-core/src/api/Page.ts:1560:35)
    at /Users/ge/mit/vuer-headless/src/index.ts:33:14
    at Generator.next (<anonymous>)
    at fulfilled (/Users/ge/mit/vuer-headless/src/index.ts:28:58)
    at processTicksAndRejections (node:internal/process/task_queues:95:5)
error Command failed with exit code 1.
info Visit https://yarnpkg.com/en/docs/cli/run for documentation about this command.
/Users/ge/mit/vuer-headless/node_modules/puppeteer-core/src/util/Deferred.ts:33
      this.#timeoutError = new TimeoutError(opts.message);
                           ^
TimeoutError: Navigation timeout of 30000 ms exceeded
    at new Deferred (/Users/ge/mit/vuer-headless/node_modules/puppeteer-core/src/util/Deferred.ts:33:28)
    at Function.create (/Users/ge/mit/vuer-headless/node_modules/puppeteer-core/src/util/Deferred.ts:85:12)
    at new LifecycleWatcher (/Users/ge/mit/vuer-headless/node_modules/puppeteer-core/src/cdp/LifecycleWatcher.ts:170:42)
    at CdpFrame.goto (/Users/ge/mit/vuer-headless/node_modules/puppeteer-core/src/cdp/Frame.ts:138:21)
    at CdpFrame.<anonymous> (/Users/ge/mit/vuer-headless/node_modules/puppeteer-core/src/util/decorators.ts:61:21)
    at CdpPage.goto (/Users/ge/mit/vuer-headless/node_modules/puppeteer-core/src/api/Page.ts:1560:35)
    at /Users/ge/mit/vuer-headless/src/index.ts:33:14
    at Generator.next (<anonymous>)
    at fulfilled (/Users/ge/mit/vuer-headless/src/index.ts:28:58)
    at processTicksAndRejections (node:internal/process/task_queues:95:5)
error Command failed with exit code 1.
info Visit https://yarnpkg.com/en/docs/cli/run for documentation about this command.
/Users/ge/mit/vuer-headless/node_modules/puppeteer-core/src/util/Deferred.ts:33
      this.#timeoutError = new TimeoutError(opts.message);
                           ^
TimeoutError: Navigation timeout of 30000 ms exceeded
    at new Deferred (/Users/ge/mit/vuer-headless/node_modules/puppeteer-core/src/util/Deferred.ts:33:28)
    at Function.create (/Users/ge/mit/vuer-headless/node_modules/puppeteer-core/src/util/Deferred.ts:85:12)
    at new LifecycleWatcher (/Users/ge/mit/vuer-headless/node_modules/puppeteer-core/src/cdp/LifecycleWatcher.ts:170:42)
    at CdpFrame.goto (/Users/ge/mit/vuer-headless/node_modules/puppeteer-core/src/cdp/Frame.ts:138:21)
    at CdpFrame.<anonymous> (/Users/ge/mit/vuer-headless/node_modules/puppeteer-core/src/util/decorators.ts:61:21)
    at CdpPage.goto (/Users/ge/mit/vuer-headless/node_modules/puppeteer-core/src/api/Page.ts:1560:35)
    at /Users/ge/mit/vuer-headless/src/index.ts:33:14
    at Generator.next (<anonymous>)
    at fulfilled (/Users/ge/mit/vuer-headless/src/index.ts:28:58)
    at processTicksAndRejections (node:internal/process/task_queues:95:5)
error Command failed with exit code 1.
info Visit https://yarnpkg.com/en/docs/cli/run for documentation about this command.
/Users/ge/mit/vuer-headless/node_modules/puppeteer-core/src/util/Deferred.ts:33
      this.#timeoutError = new TimeoutError(opts.message);
                           ^
TimeoutError: Navigation timeout of 30000 ms exceeded
    at new Deferred (/Users/ge/mit/vuer-headless/node_modules/puppeteer-core/src/util/Deferred.ts:33:28)
    at Function.create (/Users/ge/mit/vuer-headless/node_modules/puppeteer-core/src/util/Deferred.ts:85:12)
    at new LifecycleWatcher (/Users/ge/mit/vuer-headless/node_modules/puppeteer-core/src/cdp/LifecycleWatcher.ts:170:42)
    at CdpFrame.goto (/Users/ge/mit/vuer-headless/node_modules/puppeteer-core/src/cdp/Frame.ts:138:21)
    at CdpFrame.<anonymous> (/Users/ge/mit/vuer-headless/node_modules/puppeteer-core/src/util/decorators.ts:61:21)
    at CdpPage.goto (/Users/ge/mit/vuer-headless/node_modules/puppeteer-core/src/api/Page.ts:1560:35)
    at /Users/ge/mit/vuer-headless/src/index.ts:33:14
    at Generator.next (<anonymous>)
    at fulfilled (/Users/ge/mit/vuer-headless/src/index.ts:28:58)
    at processTicksAndRejections (node:internal/process/task_queues:95:5)
error Command failed with exit code 1.
info Visit https://yarnpkg.com/en/docs/cli/run for documentation about this command.
/Users/ge/mit/vuer-headless/node_modules/puppeteer-core/src/util/Deferred.ts:33
      this.#timeoutError = new TimeoutError(opts.message);
                           ^
TimeoutError: Navigation timeout of 30000 ms exceeded
    at new Deferred (/Users/ge/mit/vuer-headless/node_modules/puppeteer-core/src/util/Deferred.ts:33:28)
    at Function.create (/Users/ge/mit/vuer-headless/node_modules/puppeteer-core/src/util/Deferred.ts:85:12)
    at new LifecycleWatcher (/Users/ge/mit/vuer-headless/node_modules/puppeteer-core/src/cdp/LifecycleWatcher.ts:170:42)
    at CdpFrame.goto (/Users/ge/mit/vuer-headless/node_modules/puppeteer-core/src/cdp/Frame.ts:138:21)
    at CdpFrame.<anonymous> (/Users/ge/mit/vuer-headless/node_modules/puppeteer-core/src/util/decorators.ts:61:21)
    at CdpPage.goto (/Users/ge/mit/vuer-headless/node_modules/puppeteer-core/src/api/Page.ts:1560:35)
    at /Users/ge/mit/vuer-headless/src/index.ts:33:14
    at Generator.next (<anonymous>)
    at fulfilled (/Users/ge/mit/vuer-headless/src/index.ts:28:58)
    at processTicksAndRejections (node:internal/process/task_queues:95:5)
error Command failed with exit code 1.
info Visit https://yarnpkg.com/en/docs/cli/run for documentation about this command.
/Users/ge/mit/vuer-headless/node_modules/puppeteer-core/src/util/Deferred.ts:33
      this.#timeoutError = new TimeoutError(opts.message);
                           ^
TimeoutError: Navigation timeout of 30000 ms exceeded
    at new Deferred (/Users/ge/mit/vuer-headless/node_modules/puppeteer-core/src/util/Deferred.ts:33:28)
    at Function.create (/Users/ge/mit/vuer-headless/node_modules/puppeteer-core/src/util/Deferred.ts:85:12)
    at new LifecycleWatcher (/Users/ge/mit/vuer-headless/node_modules/puppeteer-core/src/cdp/LifecycleWatcher.ts:170:42)
    at CdpFrame.goto (/Users/ge/mit/vuer-headless/node_modules/puppeteer-core/src/cdp/Frame.ts:138:21)
    at CdpFrame.<anonymous> (/Users/ge/mit/vuer-headless/node_modules/puppeteer-core/src/util/decorators.ts:61:21)
    at CdpPage.goto (/Users/ge/mit/vuer-headless/node_modules/puppeteer-core/src/api/Page.ts:1560:35)
    at /Users/ge/mit/vuer-headless/src/index.ts:33:14
    at Generator.next (<anonymous>)
    at fulfilled (/Users/ge/mit/vuer-headless/src/index.ts:28:58)
    at processTicksAndRejections (node:internal/process/task_queues:95:5)
error Command failed with exit code 1.
info Visit https://yarnpkg.com/en/docs/cli/run for documentation about this command.
/Users/ge/mit/vuer-headless/node_modules/puppeteer-core/src/util/Deferred.ts:33
      this.#timeoutError = new TimeoutError(opts.message);
                           ^
TimeoutError: Navigation timeout of 30000 ms exceeded
    at new Deferred (/Users/ge/mit/vuer-headless/node_modules/puppeteer-core/src/util/Deferred.ts:33:28)
    at Function.create (/Users/ge/mit/vuer-headless/node_modules/puppeteer-core/src/util/Deferred.ts:85:12)
    at new LifecycleWatcher (/Users/ge/mit/vuer-headless/node_modules/puppeteer-core/src/cdp/LifecycleWatcher.ts:170:42)
    at CdpFrame.goto (/Users/ge/mit/vuer-headless/node_modules/puppeteer-core/src/cdp/Frame.ts:138:21)
    at CdpFrame.<anonymous> (/Users/ge/mit/vuer-headless/node_modules/puppeteer-core/src/util/decorators.ts:61:21)
    at CdpPage.goto (/Users/ge/mit/vuer-headless/node_modules/puppeteer-core/src/api/Page.ts:1560:35)
    at /Users/ge/mit/vuer-headless/src/index.ts:33:14
    at Generator.next (<anonymous>)
    at fulfilled (/Users/ge/mit/vuer-headless/src/index.ts:28:58)
    at processTicksAndRejections (node:internal/process/task_queues:95:5)
error Command failed with exit code 1.
info Visit https://yarnpkg.com/en/docs/cli/run for documentation about this command.
yarn run v1.22.19
$ ts-node src/index.ts
yarn run v1.22.19
$ ts-node src/index.ts
Platform: darwin
Architecture: arm64
Starting the headless browser...
Headless browser started.
yarn run v1.22.19
$ ts-node src/index.ts
Platform: darwin
Architecture: arm64
Starting the headless browser...
Headless browser started.
yarn run v1.22.19
$ ts-node src/index.ts
Waiting for 60 seconds...
Platform: darwin
Architecture: arm64
Starting the headless browser...
Headless browser started.
yarn run v1.22.19
$ ts-node src/index.ts
Waiting for 60 seconds...
Platform: darwin
Architecture: arm64
Starting the headless browser...
yarn run v1.22.19
Headless browser started.
$ ts-node src/index.ts
Waiting for 60 seconds...
yarn run v1.22.19
$ ts-node src/index.ts
Platform: darwin
Architecture: arm64
Starting the headless browser...
Waiting for 60 seconds...
Headless browser started.
yarn run v1.22.19
$ ts-node src/index.ts
Platform: darwin
Architecture: arm64
Starting the headless browser...
yarn run v1.22.19
$ ts-node src/index.ts
Headless browser started.
Platform: darwin
Architecture: arm64
Starting the headless browser...
Headless browser started.
Waiting for 60 seconds...
yarn run v1.22.19
$ ts-node src/index.ts
yarn run v1.22.19
Platform: darwin
Architecture: arm64
Starting the headless browser...
$ ts-node src/index.ts
Headless browser started.
Done in 71.91s.
Waiting for 60 seconds...
Platform: darwin
Architecture: arm64
Starting the headless browser...
Waiting for 60 seconds...
Headless browser started.
Waiting for 60 seconds...
Platform: darwin
Architecture: arm64
Starting the headless browser...
Platform: darwin
Architecture: arm64
Starting the headless browser...
Headless browser started.
Headless browser started.
Waiting for 60 seconds...
Waiting for 60 seconds...
Waiting for 60 seconds...
Done in 71.81s.
Done in 71.88s.
Done in 73.75s.
Done in 88.20s.
Done in 62.90s.
Done in 62.82s.
Done in 63.22s.
Done in 62.99s.
Done in 63.94s.
Done in 64.20s.
Done in 63.93s.
Done in 63.82s.
Done in 64.27s.
Done in 63.90s.
Done in 63.47s.
yarn run v1.22.19
$ ts-node src/index.ts
yarn run v1.22.19
$ ts-node src/index.ts
yarn run v1.22.19
$ ts-node src/index.ts
Platform: darwin
Architecture: arm64
Starting the headless browser...
Platform: darwin
Architecture: arm64
Starting the headless browser...
yarn run v1.22.19
$ ts-node src/index.ts
Headless browser started.
Headless browser started.
Platform: darwin
Architecture: arm64
Starting the headless browser...
yarn run v1.22.19
$ ts-node src/index.ts
Headless browser started.
yarn run v1.22.19
$ ts-node src/index.ts
yarn run v1.22.19
$ ts-node src/index.ts
Platform: darwin
Architecture: arm64
Starting the headless browser...
Headless browser started.
yarn run v1.22.19
$ ts-node src/index.ts
Platform: darwin
Architecture: arm64
Starting the headless browser...
Headless browser started.
Platform: darwin
Architecture: arm64
Starting the headless browser...
Headless browser started.
Platform: darwin
Architecture: arm64
Starting the headless browser...
Headless browser started.
Platform: darwin
Architecture: arm64
Starting the headless browser...
Headless browser started.
/Users/ge/mit/vuer-headless/node_modules/puppeteer-core/src/util/Deferred.ts:33
      this.#timeoutError = new TimeoutError(opts.message);
                           ^
/Users/ge/mit/vuer-headless/node_modules/puppeteer-core/src/util/Deferred.ts:33
      this.#timeoutError = new TimeoutError(opts.message);
                           ^
TimeoutError: Navigation timeout of 30000 ms exceeded
    at new Deferred (/Users/ge/mit/vuer-headless/node_modules/puppeteer-core/src/util/Deferred.ts:33:28)
    at Function.create (/Users/ge/mit/vuer-headless/node_modules/puppeteer-core/src/util/Deferred.ts:85:12)
    at new LifecycleWatcher (/Users/ge/mit/vuer-headless/node_modules/puppeteer-core/src/cdp/LifecycleWatcher.ts:170:42)
    at CdpFrame.goto (/Users/ge/mit/vuer-headless/node_modules/puppeteer-core/src/cdp/Frame.ts:138:21)
    at CdpFrame.<anonymous> (/Users/ge/mit/vuer-headless/node_modules/puppeteer-core/src/util/decorators.ts:61:21)
    at CdpPage.goto (/Users/ge/mit/vuer-headless/node_modules/puppeteer-core/src/api/Page.ts:1560:35)
    at /Users/ge/mit/vuer-headless/src/index.ts:34:14
    at Generator.next (<anonymous>)
    at fulfilled (/Users/ge/mit/vuer-headless/src/index.ts:28:58)
    at processTicksAndRejections (node:internal/process/task_queues:95:5)
TimeoutError: Navigation timeout of 30000 ms exceeded
    at new Deferred (/Users/ge/mit/vuer-headless/node_modules/puppeteer-core/src/util/Deferred.ts:33:28)
    at Function.create (/Users/ge/mit/vuer-headless/node_modules/puppeteer-core/src/util/Deferred.ts:85:12)
    at new LifecycleWatcher (/Users/ge/mit/vuer-headless/node_modules/puppeteer-core/src/cdp/LifecycleWatcher.ts:170:42)
    at CdpFrame.goto (/Users/ge/mit/vuer-headless/node_modules/puppeteer-core/src/cdp/Frame.ts:138:21)
    at CdpFrame.<anonymous> (/Users/ge/mit/vuer-headless/node_modules/puppeteer-core/src/util/decorators.ts:61:21)
    at CdpPage.goto (/Users/ge/mit/vuer-headless/node_modules/puppeteer-core/src/api/Page.ts:1560:35)
    at /Users/ge/mit/vuer-headless/src/index.ts:34:14
    at Generator.next (<anonymous>)
    at fulfilled (/Users/ge/mit/vuer-headless/src/index.ts:28:58)
    at processTicksAndRejections (node:internal/process/task_queues:95:5)
error Command failed with exit code 1.
info Visit https://yarnpkg.com/en/docs/cli/run for documentation about this command.
error Command failed with exit code 1.
info Visit https://yarnpkg.com/en/docs/cli/run for documentation about this command.
/Users/ge/mit/vuer-headless/node_modules/puppeteer-core/src/util/Deferred.ts:33
      this.#timeoutError = new TimeoutError(opts.message);
                           ^
TimeoutError: Navigation timeout of 30000 ms exceeded
    at new Deferred (/Users/ge/mit/vuer-headless/node_modules/puppeteer-core/src/util/Deferred.ts:33:28)
    at Function.create (/Users/ge/mit/vuer-headless/node_modules/puppeteer-core/src/util/Deferred.ts:85:12)
    at new LifecycleWatcher (/Users/ge/mit/vuer-headless/node_modules/puppeteer-core/src/cdp/LifecycleWatcher.ts:170:42)
    at CdpFrame.goto (/Users/ge/mit/vuer-headless/node_modules/puppeteer-core/src/cdp/Frame.ts:138:21)
    at CdpFrame.<anonymous> (/Users/ge/mit/vuer-headless/node_modules/puppeteer-core/src/util/decorators.ts:61:21)
    at CdpPage.goto (/Users/ge/mit/vuer-headless/node_modules/puppeteer-core/src/api/Page.ts:1560:35)
    at /Users/ge/mit/vuer-headless/src/index.ts:34:14
    at Generator.next (<anonymous>)
    at fulfilled (/Users/ge/mit/vuer-headless/src/index.ts:28:58)
    at processTicksAndRejections (node:internal/process/task_queues:95:5)
error Command failed with exit code 1.
info Visit https://yarnpkg.com/en/docs/cli/run for documentation about this command.
/Users/ge/mit/vuer-headless/node_modules/puppeteer-core/src/util/Deferred.ts:33
      this.#timeoutError = new TimeoutError(opts.message);
                           ^
TimeoutError: Navigation timeout of 30000 ms exceeded
    at new Deferred (/Users/ge/mit/vuer-headless/node_modules/puppeteer-core/src/util/Deferred.ts:33:28)
    at Function.create (/Users/ge/mit/vuer-headless/node_modules/puppeteer-core/src/util/Deferred.ts:85:12)
    at new LifecycleWatcher (/Users/ge/mit/vuer-headless/node_modules/puppeteer-core/src/cdp/LifecycleWatcher.ts:170:42)
    at CdpFrame.goto (/Users/ge/mit/vuer-headless/node_modules/puppeteer-core/src/cdp/Frame.ts:138:21)
    at CdpFrame.<anonymous> (/Users/ge/mit/vuer-headless/node_modules/puppeteer-core/src/util/decorators.ts:61:21)
    at CdpPage.goto (/Users/ge/mit/vuer-headless/node_modules/puppeteer-core/src/api/Page.ts:1560:35)
    at /Users/ge/mit/vuer-headless/src/index.ts:34:14
    at Generator.next (<anonymous>)
    at fulfilled (/Users/ge/mit/vuer-headless/src/index.ts:28:58)
    at processTicksAndRejections (node:internal/process/task_queues:95:5)
error Command failed with exit code 1.
info Visit https://yarnpkg.com/en/docs/cli/run for documentation about this command.
/Users/ge/mit/vuer-headless/node_modules/puppeteer-core/src/util/Deferred.ts:33
      this.#timeoutError = new TimeoutError(opts.message);
                           ^
TimeoutError: Navigation timeout of 30000 ms exceeded
    at new Deferred (/Users/ge/mit/vuer-headless/node_modules/puppeteer-core/src/util/Deferred.ts:33:28)
    at Function.create (/Users/ge/mit/vuer-headless/node_modules/puppeteer-core/src/util/Deferred.ts:85:12)
    at new LifecycleWatcher (/Users/ge/mit/vuer-headless/node_modules/puppeteer-core/src/cdp/LifecycleWatcher.ts:170:42)
    at CdpFrame.goto (/Users/ge/mit/vuer-headless/node_modules/puppeteer-core/src/cdp/Frame.ts:138:21)
    at CdpFrame.<anonymous> (/Users/ge/mit/vuer-headless/node_modules/puppeteer-core/src/util/decorators.ts:61:21)
    at CdpPage.goto (/Users/ge/mit/vuer-headless/node_modules/puppeteer-core/src/api/Page.ts:1560:35)
    at /Users/ge/mit/vuer-headless/src/index.ts:34:14
    at Generator.next (<anonymous>)
    at fulfilled (/Users/ge/mit/vuer-headless/src/index.ts:28:58)
    at processTicksAndRejections (node:internal/process/task_queues:95:5)
error Command failed with exit code 1.
info Visit https://yarnpkg.com/en/docs/cli/run for documentation about this command.
/Users/ge/mit/vuer-headless/node_modules/puppeteer-core/src/util/Deferred.ts:33
      this.#timeoutError = new TimeoutError(opts.message);
                           ^
TimeoutError: Navigation timeout of 30000 ms exceeded
    at new Deferred (/Users/ge/mit/vuer-headless/node_modules/puppeteer-core/src/util/Deferred.ts:33:28)
    at Function.create (/Users/ge/mit/vuer-headless/node_modules/puppeteer-core/src/util/Deferred.ts:85:12)
    at new LifecycleWatcher (/Users/ge/mit/vuer-headless/node_modules/puppeteer-core/src/cdp/LifecycleWatcher.ts:170:42)
    at CdpFrame.goto (/Users/ge/mit/vuer-headless/node_modules/puppeteer-core/src/cdp/Frame.ts:138:21)
    at CdpFrame.<anonymous> (/Users/ge/mit/vuer-headless/node_modules/puppeteer-core/src/util/decorators.ts:61:21)
    at CdpPage.goto (/Users/ge/mit/vuer-headless/node_modules/puppeteer-core/src/api/Page.ts:1560:35)
    at /Users/ge/mit/vuer-headless/src/index.ts:34:14
    at Generator.next (<anonymous>)
    at fulfilled (/Users/ge/mit/vuer-headless/src/index.ts:28:58)
    at processTicksAndRejections (node:internal/process/task_queues:95:5)
error Command failed with exit code 1.
info Visit https://yarnpkg.com/en/docs/cli/run for documentation about this command.
/Users/ge/mit/vuer-headless/node_modules/puppeteer-core/src/util/Deferred.ts:33
      this.#timeoutError = new TimeoutError(opts.message);
                           ^
TimeoutError: Navigation timeout of 30000 ms exceeded
    at new Deferred (/Users/ge/mit/vuer-headless/node_modules/puppeteer-core/src/util/Deferred.ts:33:28)
    at Function.create (/Users/ge/mit/vuer-headless/node_modules/puppeteer-core/src/util/Deferred.ts:85:12)
    at new LifecycleWatcher (/Users/ge/mit/vuer-headless/node_modules/puppeteer-core/src/cdp/LifecycleWatcher.ts:170:42)
    at CdpFrame.goto (/Users/ge/mit/vuer-headless/node_modules/puppeteer-core/src/cdp/Frame.ts:138:21)
    at CdpFrame.<anonymous> (/Users/ge/mit/vuer-headless/node_modules/puppeteer-core/src/util/decorators.ts:61:21)
    at CdpPage.goto (/Users/ge/mit/vuer-headless/node_modules/puppeteer-core/src/api/Page.ts:1560:35)
    at /Users/ge/mit/vuer-headless/src/index.ts:34:14
    at Generator.next (<anonymous>)
    at fulfilled (/Users/ge/mit/vuer-headless/src/index.ts:28:58)
    at processTicksAndRejections (node:internal/process/task_queues:95:5)
error Command failed with exit code 1.
info Visit https://yarnpkg.com/en/docs/cli/run for documentation about this command.
/Users/ge/mit/vuer-headless/node_modules/puppeteer-core/src/util/Deferred.ts:33
      this.#timeoutError = new TimeoutError(opts.message);
                           ^
TimeoutError: Navigation timeout of 30000 ms exceeded
    at new Deferred (/Users/ge/mit/vuer-headless/node_modules/puppeteer-core/src/util/Deferred.ts:33:28)
    at Function.create (/Users/ge/mit/vuer-headless/node_modules/puppeteer-core/src/util/Deferred.ts:85:12)
    at new LifecycleWatcher (/Users/ge/mit/vuer-headless/node_modules/puppeteer-core/src/cdp/LifecycleWatcher.ts:170:42)
    at CdpFrame.goto (/Users/ge/mit/vuer-headless/node_modules/puppeteer-core/src/cdp/Frame.ts:138:21)
    at CdpFrame.<anonymous> (/Users/ge/mit/vuer-headless/node_modules/puppeteer-core/src/util/decorators.ts:61:21)
    at CdpPage.goto (/Users/ge/mit/vuer-headless/node_modules/puppeteer-core/src/api/Page.ts:1560:35)
    at /Users/ge/mit/vuer-headless/src/index.ts:34:14
    at Generator.next (<anonymous>)
    at fulfilled (/Users/ge/mit/vuer-headless/src/index.ts:28:58)
    at processTicksAndRejections (node:internal/process/task_queues:95:5)
error Command failed with exit code 1.
info Visit https://yarnpkg.com/en/docs/cli/run for documentation about this command.
yarn run v1.22.19
$ ts-node src/index.ts
yarn run v1.22.19
$ ts-node src/index.ts
Platform: darwin
Architecture: arm64
Starting the headless browser...
yarn run v1.22.19
$ ts-node src/index.ts
Headless browser started.
Platform: darwin
Architecture: arm64
Starting the headless browser...
Headless browser started.
yarn run v1.22.19
$ ts-node src/index.ts
Platform: darwin
Architecture: arm64
Starting the headless browser...
Headless browser started.
Waiting for 60 seconds...
Platform: darwin
Architecture: arm64
Starting the headless browser...
Waiting for 60 seconds...
Headless browser started.
Waiting for 60 seconds...
Waiting for 60 seconds...
Done in 63.21s.
Done in 63.18s.
Done in 63.20s.
Done in 63.29s.
yarn run v1.22.19
$ ts-node src/index.ts
Platform: darwin
Architecture: arm64
Starting the headless browser...
Headless browser started.
/Users/ge/mit/vuer-headless/node_modules/puppeteer-core/src/util/Deferred.ts:33
      this.#timeoutError = new TimeoutError(opts.message);
                           ^
TimeoutError: Navigation timeout of 30000 ms exceeded
    at new Deferred (/Users/ge/mit/vuer-headless/node_modules/puppeteer-core/src/util/Deferred.ts:33:28)
    at Function.create (/Users/ge/mit/vuer-headless/node_modules/puppeteer-core/src/util/Deferred.ts:85:12)
    at new LifecycleWatcher (/Users/ge/mit/vuer-headless/node_modules/puppeteer-core/src/cdp/LifecycleWatcher.ts:170:42)
    at CdpFrame.goto (/Users/ge/mit/vuer-headless/node_modules/puppeteer-core/src/cdp/Frame.ts:138:21)
    at CdpFrame.<anonymous> (/Users/ge/mit/vuer-headless/node_modules/puppeteer-core/src/util/decorators.ts:61:21)
    at CdpPage.goto (/Users/ge/mit/vuer-headless/node_modules/puppeteer-core/src/api/Page.ts:1560:35)
    at /Users/ge/mit/vuer-headless/src/index.ts:34:14
    at Generator.next (<anonymous>)
    at fulfilled (/Users/ge/mit/vuer-headless/src/index.ts:28:58)
    at processTicksAndRejections (node:internal/process/task_queues:95:5)
error Command failed with exit code 1.
info Visit https://yarnpkg.com/en/docs/cli/run for documentation about this command.
yarn run v1.22.19
$ ts-node src/index.ts
Platform: darwin
Architecture: arm64
Starting the headless browser...
Headless browser started.
/Users/ge/mit/vuer-headless/node_modules/puppeteer-core/src/util/Deferred.ts:33
      this.#timeoutError = new TimeoutError(opts.message);
                           ^
TimeoutError: Navigation timeout of 30000 ms exceeded
    at new Deferred (/Users/ge/mit/vuer-headless/node_modules/puppeteer-core/src/util/Deferred.ts:33:28)
    at Function.create (/Users/ge/mit/vuer-headless/node_modules/puppeteer-core/src/util/Deferred.ts:85:12)
    at new LifecycleWatcher (/Users/ge/mit/vuer-headless/node_modules/puppeteer-core/src/cdp/LifecycleWatcher.ts:170:42)
    at CdpFrame.goto (/Users/ge/mit/vuer-headless/node_modules/puppeteer-core/src/cdp/Frame.ts:138:21)
    at CdpFrame.<anonymous> (/Users/ge/mit/vuer-headless/node_modules/puppeteer-core/src/util/decorators.ts:61:21)
    at CdpPage.goto (/Users/ge/mit/vuer-headless/node_modules/puppeteer-core/src/api/Page.ts:1560:35)
    at /Users/ge/mit/vuer-headless/src/index.ts:34:14
    at Generator.next (<anonymous>)
    at fulfilled (/Users/ge/mit/vuer-headless/src/index.ts:28:58)
    at processTicksAndRejections (node:internal/process/task_queues:95:5)
error Command failed with exit code 1.
info Visit https://yarnpkg.com/en/docs/cli/run for documentation about this command.
yarn run v1.22.19
$ ts-node src/index.ts
Platform: darwin
Architecture: arm64
Starting the headless browser...
Headless browser started.
/Users/ge/mit/vuer-headless/node_modules/puppeteer-core/src/util/Deferred.ts:33
      this.#timeoutError = new TimeoutError(opts.message);
                           ^
TimeoutError: Navigation timeout of 30000 ms exceeded
    at new Deferred (/Users/ge/mit/vuer-headless/node_modules/puppeteer-core/src/util/Deferred.ts:33:28)
    at Function.create (/Users/ge/mit/vuer-headless/node_modules/puppeteer-core/src/util/Deferred.ts:85:12)
    at new LifecycleWatcher (/Users/ge/mit/vuer-headless/node_modules/puppeteer-core/src/cdp/LifecycleWatcher.ts:170:42)
    at CdpFrame.goto (/Users/ge/mit/vuer-headless/node_modules/puppeteer-core/src/cdp/Frame.ts:138:21)
    at CdpFrame.<anonymous> (/Users/ge/mit/vuer-headless/node_modules/puppeteer-core/src/util/decorators.ts:61:21)
    at CdpPage.goto (/Users/ge/mit/vuer-headless/node_modules/puppeteer-core/src/api/Page.ts:1560:35)
    at /Users/ge/mit/vuer-headless/src/index.ts:34:14
    at Generator.next (<anonymous>)
    at fulfilled (/Users/ge/mit/vuer-headless/src/index.ts:28:58)
    at processTicksAndRejections (node:internal/process/task_queues:95:5)
error Command failed with exit code 1.
info Visit https://yarnpkg.com/en/docs/cli/run for documentation about this command.
yarn run v1.22.19
$ ts-node src/index.ts
yarn run v1.22.19
$ ts-node src/index.ts
Platform: darwin
Architecture: arm64
Starting the headless browser...
yarn run v1.22.19
$ ts-node src/index.ts
Headless browser started.
yarn run v1.22.19
$ ts-node src/index.ts
Platform: darwin
Architecture: arm64
Starting the headless browser...
yarn run v1.22.19
Headless browser started.
$ ts-node src/index.ts
Platform: darwin
Architecture: arm64
Starting the headless browser...
yarn run v1.22.19
$ ts-node src/index.ts
Headless browser started.
yarn run v1.22.19
$ ts-node src/index.ts
yarn run v1.22.19
$ ts-node src/index.ts
Platform: darwin
Architecture: arm64
Starting the headless browser...
Headless browser started.
Platform: darwin
Architecture: arm64
Starting the headless browser...
Headless browser started.
Platform: darwin
Architecture: arm64
Starting the headless browser...
Headless browser started.
Platform: darwin
Architecture: arm64
Starting the headless browser...
Headless browser started.
Platform: darwin
Architecture: arm64
Starting the headless browser...
Headless browser started.
/Users/ge/mit/vuer-headless/node_modules/puppeteer-core/src/util/Deferred.ts:33
      this.#timeoutError = new TimeoutError(opts.message);
                           ^
TimeoutError: Navigation timeout of 30000 ms exceeded
    at new Deferred (/Users/ge/mit/vuer-headless/node_modules/puppeteer-core/src/util/Deferred.ts:33:28)
    at Function.create (/Users/ge/mit/vuer-headless/node_modules/puppeteer-core/src/util/Deferred.ts:85:12)
    at new LifecycleWatcher (/Users/ge/mit/vuer-headless/node_modules/puppeteer-core/src/cdp/LifecycleWatcher.ts:170:42)
    at CdpFrame.goto (/Users/ge/mit/vuer-headless/node_modules/puppeteer-core/src/cdp/Frame.ts:138:21)
    at CdpFrame.<anonymous> (/Users/ge/mit/vuer-headless/node_modules/puppeteer-core/src/util/decorators.ts:61:21)
    at CdpPage.goto (/Users/ge/mit/vuer-headless/node_modules/puppeteer-core/src/api/Page.ts:1560:35)
    at /Users/ge/mit/vuer-headless/src/index.ts:34:14
    at Generator.next (<anonymous>)
    at fulfilled (/Users/ge/mit/vuer-headless/src/index.ts:28:58)
    at processTicksAndRejections (node:internal/process/task_queues:95:5)
error Command failed with exit code 1.
info Visit https://yarnpkg.com/en/docs/cli/run for documentation about this command.
/Users/ge/mit/vuer-headless/node_modules/puppeteer-core/src/util/Deferred.ts:33
      this.#timeoutError = new TimeoutError(opts.message);
                           ^
TimeoutError: Navigation timeout of 30000 ms exceeded
    at new Deferred (/Users/ge/mit/vuer-headless/node_modules/puppeteer-core/src/util/Deferred.ts:33:28)
    at Function.create (/Users/ge/mit/vuer-headless/node_modules/puppeteer-core/src/util/Deferred.ts:85:12)
    at new LifecycleWatcher (/Users/ge/mit/vuer-headless/node_modules/puppeteer-core/src/cdp/LifecycleWatcher.ts:170:42)
    at CdpFrame.goto (/Users/ge/mit/vuer-headless/node_modules/puppeteer-core/src/cdp/Frame.ts:138:21)
    at CdpFrame.<anonymous> (/Users/ge/mit/vuer-headless/node_modules/puppeteer-core/src/util/decorators.ts:61:21)
    at CdpPage.goto (/Users/ge/mit/vuer-headless/node_modules/puppeteer-core/src/api/Page.ts:1560:35)
    at /Users/ge/mit/vuer-headless/src/index.ts:34:14
    at Generator.next (<anonymous>)
    at fulfilled (/Users/ge/mit/vuer-headless/src/index.ts:28:58)
    at processTicksAndRejections (node:internal/process/task_queues:95:5)
error Command failed with exit code 1.
info Visit https://yarnpkg.com/en/docs/cli/run for documentation about this command.
/Users/ge/mit/vuer-headless/node_modules/puppeteer-core/src/util/Deferred.ts:33
      this.#timeoutError = new TimeoutError(opts.message);
                           ^
TimeoutError: Navigation timeout of 30000 ms exceeded
    at new Deferred (/Users/ge/mit/vuer-headless/node_modules/puppeteer-core/src/util/Deferred.ts:33:28)
    at Function.create (/Users/ge/mit/vuer-headless/node_modules/puppeteer-core/src/util/Deferred.ts:85:12)
    at new LifecycleWatcher (/Users/ge/mit/vuer-headless/node_modules/puppeteer-core/src/cdp/LifecycleWatcher.ts:170:42)
    at CdpFrame.goto (/Users/ge/mit/vuer-headless/node_modules/puppeteer-core/src/cdp/Frame.ts:138:21)
    at CdpFrame.<anonymous> (/Users/ge/mit/vuer-headless/node_modules/puppeteer-core/src/util/decorators.ts:61:21)
    at CdpPage.goto (/Users/ge/mit/vuer-headless/node_modules/puppeteer-core/src/api/Page.ts:1560:35)
    at /Users/ge/mit/vuer-headless/src/index.ts:34:14
    at Generator.next (<anonymous>)
    at fulfilled (/Users/ge/mit/vuer-headless/src/index.ts:28:58)
    at processTicksAndRejections (node:internal/process/task_queues:95:5)
error Command failed with exit code 1.
info Visit https://yarnpkg.com/en/docs/cli/run for documentation about this command.
/Users/ge/mit/vuer-headless/node_modules/puppeteer-core/src/util/Deferred.ts:33
      this.#timeoutError = new TimeoutError(opts.message);
                           ^
TimeoutError: Navigation timeout of 30000 ms exceeded
    at new Deferred (/Users/ge/mit/vuer-headless/node_modules/puppeteer-core/src/util/Deferred.ts:33:28)
    at Function.create (/Users/ge/mit/vuer-headless/node_modules/puppeteer-core/src/util/Deferred.ts:85:12)
    at new LifecycleWatcher (/Users/ge/mit/vuer-headless/node_modules/puppeteer-core/src/cdp/LifecycleWatcher.ts:170:42)
    at CdpFrame.goto (/Users/ge/mit/vuer-headless/node_modules/puppeteer-core/src/cdp/Frame.ts:138:21)
    at CdpFrame.<anonymous> (/Users/ge/mit/vuer-headless/node_modules/puppeteer-core/src/util/decorators.ts:61:21)
    at CdpPage.goto (/Users/ge/mit/vuer-headless/node_modules/puppeteer-core/src/api/Page.ts:1560:35)
    at /Users/ge/mit/vuer-headless/src/index.ts:34:14
    at Generator.next (<anonymous>)
    at fulfilled (/Users/ge/mit/vuer-headless/src/index.ts:28:58)
    at processTicksAndRejections (node:internal/process/task_queues:95:5)
error Command failed with exit code 1.
info Visit https://yarnpkg.com/en/docs/cli/run for documentation about this command.
/Users/ge/mit/vuer-headless/node_modules/puppeteer-core/src/util/Deferred.ts:33
      this.#timeoutError = new TimeoutError(opts.message);
                           ^
TimeoutError: Navigation timeout of 30000 ms exceeded
    at new Deferred (/Users/ge/mit/vuer-headless/node_modules/puppeteer-core/src/util/Deferred.ts:33:28)
    at Function.create (/Users/ge/mit/vuer-headless/node_modules/puppeteer-core/src/util/Deferred.ts:85:12)
    at new LifecycleWatcher (/Users/ge/mit/vuer-headless/node_modules/puppeteer-core/src/cdp/LifecycleWatcher.ts:170:42)
    at CdpFrame.goto (/Users/ge/mit/vuer-headless/node_modules/puppeteer-core/src/cdp/Frame.ts:138:21)
    at CdpFrame.<anonymous> (/Users/ge/mit/vuer-headless/node_modules/puppeteer-core/src/util/decorators.ts:61:21)
    at CdpPage.goto (/Users/ge/mit/vuer-headless/node_modules/puppeteer-core/src/api/Page.ts:1560:35)
    at /Users/ge/mit/vuer-headless/src/index.ts:34:14
    at Generator.next (<anonymous>)
    at fulfilled (/Users/ge/mit/vuer-headless/src/index.ts:28:58)
    at processTicksAndRejections (node:internal/process/task_queues:95:5)
error Command failed with exit code 1.
info Visit https://yarnpkg.com/en/docs/cli/run for documentation about this command.
/Users/ge/mit/vuer-headless/node_modules/puppeteer-core/src/util/Deferred.ts:33
      this.#timeoutError = new TimeoutError(opts.message);
                           ^
TimeoutError: Navigation timeout of 30000 ms exceeded
    at new Deferred (/Users/ge/mit/vuer-headless/node_modules/puppeteer-core/src/util/Deferred.ts:33:28)
    at Function.create (/Users/ge/mit/vuer-headless/node_modules/puppeteer-core/src/util/Deferred.ts:85:12)
    at new LifecycleWatcher (/Users/ge/mit/vuer-headless/node_modules/puppeteer-core/src/cdp/LifecycleWatcher.ts:170:42)
    at CdpFrame.goto (/Users/ge/mit/vuer-headless/node_modules/puppeteer-core/src/cdp/Frame.ts:138:21)
    at CdpFrame.<anonymous> (/Users/ge/mit/vuer-headless/node_modules/puppeteer-core/src/util/decorators.ts:61:21)
    at CdpPage.goto (/Users/ge/mit/vuer-headless/node_modules/puppeteer-core/src/api/Page.ts:1560:35)
    at /Users/ge/mit/vuer-headless/src/index.ts:34:14
    at Generator.next (<anonymous>)
    at fulfilled (/Users/ge/mit/vuer-headless/src/index.ts:28:58)
    at processTicksAndRejections (node:internal/process/task_queues:95:5)
error Command failed with exit code 1.
info Visit https://yarnpkg.com/en/docs/cli/run for documentation about this command.
/Users/ge/mit/vuer-headless/node_modules/puppeteer-core/src/util/Deferred.ts:33
      this.#timeoutError = new TimeoutError(opts.message);
                           ^
TimeoutError: Navigation timeout of 30000 ms exceeded
    at new Deferred (/Users/ge/mit/vuer-headless/node_modules/puppeteer-core/src/util/Deferred.ts:33:28)
    at Function.create (/Users/ge/mit/vuer-headless/node_modules/puppeteer-core/src/util/Deferred.ts:85:12)
    at new LifecycleWatcher (/Users/ge/mit/vuer-headless/node_modules/puppeteer-core/src/cdp/LifecycleWatcher.ts:170:42)
    at CdpFrame.goto (/Users/ge/mit/vuer-headless/node_modules/puppeteer-core/src/cdp/Frame.ts:138:21)
    at CdpFrame.<anonymous> (/Users/ge/mit/vuer-headless/node_modules/puppeteer-core/src/util/decorators.ts:61:21)
    at CdpPage.goto (/Users/ge/mit/vuer-headless/node_modules/puppeteer-core/src/api/Page.ts:1560:35)
    at /Users/ge/mit/vuer-headless/src/index.ts:34:14
    at Generator.next (<anonymous>)
    at fulfilled (/Users/ge/mit/vuer-headless/src/index.ts:28:58)
    at processTicksAndRejections (node:internal/process/task_queues:95:5)
error Command failed with exit code 1.
info Visit https://yarnpkg.com/en/docs/cli/run for documentation about this command.
/Users/ge/mit/vuer-headless/node_modules/puppeteer-core/src/util/Deferred.ts:33
      this.#timeoutError = new TimeoutError(opts.message);
                           ^
TimeoutError: Navigation timeout of 30000 ms exceeded
    at new Deferred (/Users/ge/mit/vuer-headless/node_modules/puppeteer-core/src/util/Deferred.ts:33:28)
    at Function.create (/Users/ge/mit/vuer-headless/node_modules/puppeteer-core/src/util/Deferred.ts:85:12)
    at new LifecycleWatcher (/Users/ge/mit/vuer-headless/node_modules/puppeteer-core/src/cdp/LifecycleWatcher.ts:170:42)
    at CdpFrame.goto (/Users/ge/mit/vuer-headless/node_modules/puppeteer-core/src/cdp/Frame.ts:138:21)
    at CdpFrame.<anonymous> (/Users/ge/mit/vuer-headless/node_modules/puppeteer-core/src/util/decorators.ts:61:21)
    at CdpPage.goto (/Users/ge/mit/vuer-headless/node_modules/puppeteer-core/src/api/Page.ts:1560:35)
    at /Users/ge/mit/vuer-headless/src/index.ts:34:14
    at Generator.next (<anonymous>)
    at fulfilled (/Users/ge/mit/vuer-headless/src/index.ts:28:58)
    at processTicksAndRejections (node:internal/process/task_queues:95:5)
error Command failed with exit code 1.
info Visit https://yarnpkg.com/en/docs/cli/run for documentation about this command.
yarn run v1.22.19
$ ts-node src/index.ts
yarn run v1.22.19
$ ts-node src/index.ts
Platform: darwin
Architecture: arm64
Starting the headless browser...
yarn run v1.22.19
$ ts-node src/index.ts
Headless browser started.
yarn run v1.22.19
$ ts-node src/index.ts
Platform: darwin
Architecture: arm64
Starting the headless browser...
yarn run v1.22.19
$ ts-node src/index.ts
Headless browser started.
yarn run v1.22.19
$ ts-node src/index.ts
Platform: darwin
Architecture: arm64
Starting the headless browser...
yarn run v1.22.19
Headless browser started.
$ ts-node src/index.ts
Platform: darwin
Architecture: arm64
Starting the headless browser...
yarn run v1.22.19
$ ts-node src/index.ts
Headless browser started.
yarn run v1.22.19
$ ts-node src/index.ts
Platform: darwin
Architecture: arm64
Starting the headless browser...
yarn run v1.22.19
Headless browser started.
yarn run v1.22.19
$ ts-node src/index.ts
$ ts-node src/index.ts
yarn run v1.22.19
$ ts-node src/index.ts
yarn run v1.22.19
yarn run v1.22.19
$ ts-node src/index.ts
Platform: darwin
Architecture: arm64
Starting the headless browser...
Platform: darwin
Architecture: arm64
Starting the headless browser...
Headless browser started.
$ ts-node src/index.ts
Headless browser started.
yarn run v1.22.19
$ ts-node src/index.ts
Platform: darwin
Architecture: arm64
Starting the headless browser...
Platform: darwin
Architecture: arm64
Starting the headless browser...
Headless browser started.
Headless browser started.
Platform: darwin
Architecture: arm64
Starting the headless browser...
Platform: darwin
Architecture: arm64
Starting the headless browser...
Platform: darwin
Headless browser started.
Architecture: arm64
Starting the headless browser...
Headless browser started.
Headless browser started.
Platform: darwin
Architecture: arm64
Starting the headless browser...
Headless browser started.
Platform: darwin
Architecture: arm64
Starting the headless browser...
Headless browser started.
Platform: darwin
Architecture: arm64
Starting the headless browser...
Headless browser started.
/Users/ge/mit/vuer-headless/node_modules/puppeteer-core/src/util/Deferred.ts:33
      this.#timeoutError = new TimeoutError(opts.message);
                           ^
TimeoutError: Navigation timeout of 30000 ms exceeded
    at new Deferred (/Users/ge/mit/vuer-headless/node_modules/puppeteer-core/src/util/Deferred.ts:33:28)
    at Function.create (/Users/ge/mit/vuer-headless/node_modules/puppeteer-core/src/util/Deferred.ts:85:12)
    at new LifecycleWatcher (/Users/ge/mit/vuer-headless/node_modules/puppeteer-core/src/cdp/LifecycleWatcher.ts:170:42)
    at CdpFrame.goto (/Users/ge/mit/vuer-headless/node_modules/puppeteer-core/src/cdp/Frame.ts:138:21)
    at CdpFrame.<anonymous> (/Users/ge/mit/vuer-headless/node_modules/puppeteer-core/src/util/decorators.ts:61:21)
    at CdpPage.goto (/Users/ge/mit/vuer-headless/node_modules/puppeteer-core/src/api/Page.ts:1560:35)
    at /Users/ge/mit/vuer-headless/src/index.ts:34:14
    at Generator.next (<anonymous>)
    at fulfilled (/Users/ge/mit/vuer-headless/src/index.ts:28:58)
    at processTicksAndRejections (node:internal/process/task_queues:95:5)
error Command failed with exit code 1.
info Visit https://yarnpkg.com/en/docs/cli/run for documentation about this command.
/Users/ge/mit/vuer-headless/node_modules/puppeteer-core/src/util/Deferred.ts:33
      this.#timeoutError = new TimeoutError(opts.message);
                           ^
TimeoutError: Navigation timeout of 30000 ms exceeded
    at new Deferred (/Users/ge/mit/vuer-headless/node_modules/puppeteer-core/src/util/Deferred.ts:33:28)
    at Function.create (/Users/ge/mit/vuer-headless/node_modules/puppeteer-core/src/util/Deferred.ts:85:12)
    at new LifecycleWatcher (/Users/ge/mit/vuer-headless/node_modules/puppeteer-core/src/cdp/LifecycleWatcher.ts:170:42)
    at CdpFrame.goto (/Users/ge/mit/vuer-headless/node_modules/puppeteer-core/src/cdp/Frame.ts:138:21)
    at CdpFrame.<anonymous> (/Users/ge/mit/vuer-headless/node_modules/puppeteer-core/src/util/decorators.ts:61:21)
    at CdpPage.goto (/Users/ge/mit/vuer-headless/node_modules/puppeteer-core/src/api/Page.ts:1560:35)
    at /Users/ge/mit/vuer-headless/src/index.ts:34:14
    at Generator.next (<anonymous>)
    at fulfilled (/Users/ge/mit/vuer-headless/src/index.ts:28:58)
    at processTicksAndRejections (node:internal/process/task_queues:95:5)
error Command failed with exit code 1.
info Visit https://yarnpkg.com/en/docs/cli/run for documentation about this command.
/Users/ge/mit/vuer-headless/node_modules/puppeteer-core/src/util/Deferred.ts:33
      this.#timeoutError = new TimeoutError(opts.message);
                           ^
TimeoutError: Navigation timeout of 30000 ms exceeded
    at new Deferred (/Users/ge/mit/vuer-headless/node_modules/puppeteer-core/src/util/Deferred.ts:33:28)
    at Function.create (/Users/ge/mit/vuer-headless/node_modules/puppeteer-core/src/util/Deferred.ts:85:12)
    at new LifecycleWatcher (/Users/ge/mit/vuer-headless/node_modules/puppeteer-core/src/cdp/LifecycleWatcher.ts:170:42)
    at CdpFrame.goto (/Users/ge/mit/vuer-headless/node_modules/puppeteer-core/src/cdp/Frame.ts:138:21)
    at CdpFrame.<anonymous> (/Users/ge/mit/vuer-headless/node_modules/puppeteer-core/src/util/decorators.ts:61:21)
    at CdpPage.goto (/Users/ge/mit/vuer-headless/node_modules/puppeteer-core/src/api/Page.ts:1560:35)
    at /Users/ge/mit/vuer-headless/src/index.ts:34:14
    at Generator.next (<anonymous>)
    at fulfilled (/Users/ge/mit/vuer-headless/src/index.ts:28:58)
    at processTicksAndRejections (node:internal/process/task_queues:95:5)
error Command failed with exit code 1.
info Visit https://yarnpkg.com/en/docs/cli/run for documentation about this command.
/Users/ge/mit/vuer-headless/node_modules/puppeteer-core/src/util/Deferred.ts:33
      this.#timeoutError = new TimeoutError(opts.message);
                           ^
TimeoutError: Navigation timeout of 30000 ms exceeded
    at new Deferred (/Users/ge/mit/vuer-headless/node_modules/puppeteer-core/src/util/Deferred.ts:33:28)
    at Function.create (/Users/ge/mit/vuer-headless/node_modules/puppeteer-core/src/util/Deferred.ts:85:12)
    at new LifecycleWatcher (/Users/ge/mit/vuer-headless/node_modules/puppeteer-core/src/cdp/LifecycleWatcher.ts:170:42)
    at CdpFrame.goto (/Users/ge/mit/vuer-headless/node_modules/puppeteer-core/src/cdp/Frame.ts:138:21)
    at CdpFrame.<anonymous> (/Users/ge/mit/vuer-headless/node_modules/puppeteer-core/src/util/decorators.ts:61:21)
    at CdpPage.goto (/Users/ge/mit/vuer-headless/node_modules/puppeteer-core/src/api/Page.ts:1560:35)
    at /Users/ge/mit/vuer-headless/src/index.ts:34:14
    at Generator.next (<anonymous>)
    at fulfilled (/Users/ge/mit/vuer-headless/src/index.ts:28:58)
    at processTicksAndRejections (node:internal/process/task_queues:95:5)
error Command failed with exit code 1.
info Visit https://yarnpkg.com/en/docs/cli/run for documentation about this command.
/Users/ge/mit/vuer-headless/node_modules/puppeteer-core/src/util/Deferred.ts:33
      this.#timeoutError = new TimeoutError(opts.message);
                           ^
TimeoutError: Navigation timeout of 30000 ms exceeded
    at new Deferred (/Users/ge/mit/vuer-headless/node_modules/puppeteer-core/src/util/Deferred.ts:33:28)
    at Function.create (/Users/ge/mit/vuer-headless/node_modules/puppeteer-core/src/util/Deferred.ts:85:12)
    at new LifecycleWatcher (/Users/ge/mit/vuer-headless/node_modules/puppeteer-core/src/cdp/LifecycleWatcher.ts:170:42)
    at CdpFrame.goto (/Users/ge/mit/vuer-headless/node_modules/puppeteer-core/src/cdp/Frame.ts:138:21)
    at CdpFrame.<anonymous> (/Users/ge/mit/vuer-headless/node_modules/puppeteer-core/src/util/decorators.ts:61:21)
    at CdpPage.goto (/Users/ge/mit/vuer-headless/node_modules/puppeteer-core/src/api/Page.ts:1560:35)
    at /Users/ge/mit/vuer-headless/src/index.ts:34:14
    at Generator.next (<anonymous>)
    at fulfilled (/Users/ge/mit/vuer-headless/src/index.ts:28:58)
    at processTicksAndRejections (node:internal/process/task_queues:95:5)
error Command failed with exit code 1.
info Visit https://yarnpkg.com/en/docs/cli/run for documentation about this command.
/Users/ge/mit/vuer-headless/node_modules/puppeteer-core/src/util/Deferred.ts:33
      this.#timeoutError = new TimeoutError(opts.message);
                           ^
TimeoutError: Navigation timeout of 30000 ms exceeded
    at new Deferred (/Users/ge/mit/vuer-headless/node_modules/puppeteer-core/src/util/Deferred.ts:33:28)
    at Function.create (/Users/ge/mit/vuer-headless/node_modules/puppeteer-core/src/util/Deferred.ts:85:12)
    at new LifecycleWatcher (/Users/ge/mit/vuer-headless/node_modules/puppeteer-core/src/cdp/LifecycleWatcher.ts:170:42)
    at CdpFrame.goto (/Users/ge/mit/vuer-headless/node_modules/puppeteer-core/src/cdp/Frame.ts:138:21)
    at CdpFrame.<anonymous> (/Users/ge/mit/vuer-headless/node_modules/puppeteer-core/src/util/decorators.ts:61:21)
    at CdpPage.goto (/Users/ge/mit/vuer-headless/node_modules/puppeteer-core/src/api/Page.ts:1560:35)
    at /Users/ge/mit/vuer-headless/src/index.ts:34:14
    at Generator.next (<anonymous>)
    at fulfilled (/Users/ge/mit/vuer-headless/src/index.ts:28:58)
    at processTicksAndRejections (node:internal/process/task_queues:95:5)
error Command failed with exit code 1.
info Visit https://yarnpkg.com/en/docs/cli/run for documentation about this command.
/Users/ge/mit/vuer-headless/node_modules/puppeteer-core/src/util/Deferred.ts:33
      this.#timeoutError = new TimeoutError(opts.message);
                           ^
TimeoutError: Navigation timeout of 30000 ms exceeded
    at new Deferred (/Users/ge/mit/vuer-headless/node_modules/puppeteer-core/src/util/Deferred.ts:33:28)
    at Function.create (/Users/ge/mit/vuer-headless/node_modules/puppeteer-core/src/util/Deferred.ts:85:12)
    at new LifecycleWatcher (/Users/ge/mit/vuer-headless/node_modules/puppeteer-core/src/cdp/LifecycleWatcher.ts:170:42)
    at CdpFrame.goto (/Users/ge/mit/vuer-headless/node_modules/puppeteer-core/src/cdp/Frame.ts:138:21)
    at CdpFrame.<anonymous> (/Users/ge/mit/vuer-headless/node_modules/puppeteer-core/src/util/decorators.ts:61:21)
    at CdpPage.goto (/Users/ge/mit/vuer-headless/node_modules/puppeteer-core/src/api/Page.ts:1560:35)
    at /Users/ge/mit/vuer-headless/src/index.ts:34:14
    at Generator.next (<anonymous>)
    at fulfilled (/Users/ge/mit/vuer-headless/src/index.ts:28:58)
    at processTicksAndRejections (node:internal/process/task_queues:95:5)
error Command failed with exit code 1.
info Visit https://yarnpkg.com/en/docs/cli/run for documentation about this command.
/Users/ge/mit/vuer-headless/node_modules/puppeteer-core/src/util/Deferred.ts:33
      this.#timeoutError = new TimeoutError(opts.message);
                           ^
TimeoutError: Navigation timeout of 30000 ms exceeded
    at new Deferred (/Users/ge/mit/vuer-headless/node_modules/puppeteer-core/src/util/Deferred.ts:33:28)
    at Function.create (/Users/ge/mit/vuer-headless/node_modules/puppeteer-core/src/util/Deferred.ts:85:12)
    at new LifecycleWatcher (/Users/ge/mit/vuer-headless/node_modules/puppeteer-core/src/cdp/LifecycleWatcher.ts:170:42)
    at CdpFrame.goto (/Users/ge/mit/vuer-headless/node_modules/puppeteer-core/src/cdp/Frame.ts:138:21)
    at CdpFrame.<anonymous> (/Users/ge/mit/vuer-headless/node_modules/puppeteer-core/src/util/decorators.ts:61:21)
    at CdpPage.goto (/Users/ge/mit/vuer-headless/node_modules/puppeteer-core/src/api/Page.ts:1560:35)
    at /Users/ge/mit/vuer-headless/src/index.ts:34:14
    at Generator.next (<anonymous>)
    at fulfilled (/Users/ge/mit/vuer-headless/src/index.ts:28:58)
    at processTicksAndRejections (node:internal/process/task_queues:95:5)
error Command failed with exit code 1.
info Visit https://yarnpkg.com/en/docs/cli/run for documentation about this command.
/Users/ge/mit/vuer-headless/node_modules/puppeteer-core/src/util/Deferred.ts:33
      this.#timeoutError = new TimeoutError(opts.message);
                           ^
TimeoutError: Navigation timeout of 30000 ms exceeded
    at new Deferred (/Users/ge/mit/vuer-headless/node_modules/puppeteer-core/src/util/Deferred.ts:33:28)
    at Function.create (/Users/ge/mit/vuer-headless/node_modules/puppeteer-core/src/util/Deferred.ts:85:12)
    at new LifecycleWatcher (/Users/ge/mit/vuer-headless/node_modules/puppeteer-core/src/cdp/LifecycleWatcher.ts:170:42)
    at CdpFrame.goto (/Users/ge/mit/vuer-headless/node_modules/puppeteer-core/src/cdp/Frame.ts:138:21)
    at CdpFrame.<anonymous> (/Users/ge/mit/vuer-headless/node_modules/puppeteer-core/src/util/decorators.ts:61:21)
    at CdpPage.goto (/Users/ge/mit/vuer-headless/node_modules/puppeteer-core/src/api/Page.ts:1560:35)
    at /Users/ge/mit/vuer-headless/src/index.ts:34:14
    at Generator.next (<anonymous>)
    at fulfilled (/Users/ge/mit/vuer-headless/src/index.ts:28:58)
    at processTicksAndRejections (node:internal/process/task_queues:95:5)
error Command failed with exit code 1.
info Visit https://yarnpkg.com/en/docs/cli/run for documentation about this command.
yarn run v1.22.19
$ ts-node src/index.ts
/Users/ge/mit/vuer-headless/node_modules/puppeteer-core/src/util/Deferred.ts:33
      this.#timeoutError = new TimeoutError(opts.message);
                           ^
TimeoutError: Navigation timeout of 30000 ms exceeded
    at new Deferred (/Users/ge/mit/vuer-headless/node_modules/puppeteer-core/src/util/Deferred.ts:33:28)
    at Function.create (/Users/ge/mit/vuer-headless/node_modules/puppeteer-core/src/util/Deferred.ts:85:12)
    at new LifecycleWatcher (/Users/ge/mit/vuer-headless/node_modules/puppeteer-core/src/cdp/LifecycleWatcher.ts:170:42)
    at CdpFrame.goto (/Users/ge/mit/vuer-headless/node_modules/puppeteer-core/src/cdp/Frame.ts:138:21)
    at CdpFrame.<anonymous> (/Users/ge/mit/vuer-headless/node_modules/puppeteer-core/src/util/decorators.ts:61:21)
    at CdpPage.goto (/Users/ge/mit/vuer-headless/node_modules/puppeteer-core/src/api/Page.ts:1560:35)
    at /Users/ge/mit/vuer-headless/src/index.ts:34:14
    at Generator.next (<anonymous>)
    at fulfilled (/Users/ge/mit/vuer-headless/src/index.ts:28:58)
    at processTicksAndRejections (node:internal/process/task_queues:95:5)
error Command failed with exit code 1.
info Visit https://yarnpkg.com/en/docs/cli/run for documentation about this command.
/Users/ge/mit/vuer-headless/node_modules/puppeteer-core/src/util/Deferred.ts:33
      this.#timeoutError = new TimeoutError(opts.message);
                           ^
TimeoutError: Navigation timeout of 30000 ms exceeded
    at new Deferred (/Users/ge/mit/vuer-headless/node_modules/puppeteer-core/src/util/Deferred.ts:33:28)
    at Function.create (/Users/ge/mit/vuer-headless/node_modules/puppeteer-core/src/util/Deferred.ts:85:12)
    at new LifecycleWatcher (/Users/ge/mit/vuer-headless/node_modules/puppeteer-core/src/cdp/LifecycleWatcher.ts:170:42)
    at CdpFrame.goto (/Users/ge/mit/vuer-headless/node_modules/puppeteer-core/src/cdp/Frame.ts:138:21)
    at CdpFrame.<anonymous> (/Users/ge/mit/vuer-headless/node_modules/puppeteer-core/src/util/decorators.ts:61:21)
    at CdpPage.goto (/Users/ge/mit/vuer-headless/node_modules/puppeteer-core/src/api/Page.ts:1560:35)
    at /Users/ge/mit/vuer-headless/src/index.ts:34:14
    at Generator.next (<anonymous>)
    at fulfilled (/Users/ge/mit/vuer-headless/src/index.ts:28:58)
    at processTicksAndRejections (node:internal/process/task_queues:95:5)
error Command failed with exit code 1.
info Visit https://yarnpkg.com/en/docs/cli/run for documentation about this command.
yarn run v1.22.19
$ ts-node src/index.ts
/Users/ge/mit/vuer-headless/node_modules/puppeteer-core/src/util/Deferred.ts:33
      this.#timeoutError = new TimeoutError(opts.message);
                           ^
TimeoutError: Navigation timeout of 30000 ms exceeded
    at new Deferred (/Users/ge/mit/vuer-headless/node_modules/puppeteer-core/src/util/Deferred.ts:33:28)
    at Function.create (/Users/ge/mit/vuer-headless/node_modules/puppeteer-core/src/util/Deferred.ts:85:12)
    at new LifecycleWatcher (/Users/ge/mit/vuer-headless/node_modules/puppeteer-core/src/cdp/LifecycleWatcher.ts:170:42)
    at CdpFrame.goto (/Users/ge/mit/vuer-headless/node_modules/puppeteer-core/src/cdp/Frame.ts:138:21)
    at CdpFrame.<anonymous> (/Users/ge/mit/vuer-headless/node_modules/puppeteer-core/src/util/decorators.ts:61:21)
    at CdpPage.goto (/Users/ge/mit/vuer-headless/node_modules/puppeteer-core/src/api/Page.ts:1560:35)
    at /Users/ge/mit/vuer-headless/src/index.ts:34:14
    at Generator.next (<anonymous>)
    at fulfilled (/Users/ge/mit/vuer-headless/src/index.ts:28:58)
    at processTicksAndRejections (node:internal/process/task_queues:95:5)
error Command failed with exit code 1.
info Visit https://yarnpkg.com/en/docs/cli/run for documentation about this command.
Platform: darwin
Architecture: arm64
Starting the headless browser...
Headless browser started.
yarn run v1.22.19
$ ts-node src/index.ts
/Users/ge/mit/vuer-headless/node_modules/puppeteer-core/src/util/Deferred.ts:33
      this.#timeoutError = new TimeoutError(opts.message);
                           ^
TimeoutError: Navigation timeout of 30000 ms exceeded
    at new Deferred (/Users/ge/mit/vuer-headless/node_modules/puppeteer-core/src/util/Deferred.ts:33:28)
    at Function.create (/Users/ge/mit/vuer-headless/node_modules/puppeteer-core/src/util/Deferred.ts:85:12)
    at new LifecycleWatcher (/Users/ge/mit/vuer-headless/node_modules/puppeteer-core/src/cdp/LifecycleWatcher.ts:170:42)
    at CdpFrame.goto (/Users/ge/mit/vuer-headless/node_modules/puppeteer-core/src/cdp/Frame.ts:138:21)
    at CdpFrame.<anonymous> (/Users/ge/mit/vuer-headless/node_modules/puppeteer-core/src/util/decorators.ts:61:21)
    at CdpPage.goto (/Users/ge/mit/vuer-headless/node_modules/puppeteer-core/src/api/Page.ts:1560:35)
    at /Users/ge/mit/vuer-headless/src/index.ts:34:14
    at Generator.next (<anonymous>)
    at fulfilled (/Users/ge/mit/vuer-headless/src/index.ts:28:58)
    at processTicksAndRejections (node:internal/process/task_queues:95:5)
error Command failed with exit code 1.
info Visit https://yarnpkg.com/en/docs/cli/run for documentation about this command.
Platform: darwin
Architecture: arm64
Starting the headless browser...
Headless browser started.
/Users/ge/mit/vuer-headless/node_modules/puppeteer-core/src/util/Deferred.ts:33
      this.#timeoutError = new TimeoutError(opts.message);
                           ^
TimeoutError: Navigation timeout of 30000 ms exceeded
    at new Deferred (/Users/ge/mit/vuer-headless/node_modules/puppeteer-core/src/util/Deferred.ts:33:28)
    at Function.create (/Users/ge/mit/vuer-headless/node_modules/puppeteer-core/src/util/Deferred.ts:85:12)
    at new LifecycleWatcher (/Users/ge/mit/vuer-headless/node_modules/puppeteer-core/src/cdp/LifecycleWatcher.ts:170:42)
    at CdpFrame.goto (/Users/ge/mit/vuer-headless/node_modules/puppeteer-core/src/cdp/Frame.ts:138:21)
    at CdpFrame.<anonymous> (/Users/ge/mit/vuer-headless/node_modules/puppeteer-core/src/util/decorators.ts:61:21)
    at CdpPage.goto (/Users/ge/mit/vuer-headless/node_modules/puppeteer-core/src/api/Page.ts:1560:35)
    at /Users/ge/mit/vuer-headless/src/index.ts:34:14
    at Generator.next (<anonymous>)
    at fulfilled (/Users/ge/mit/vuer-headless/src/index.ts:28:58)
    at processTicksAndRejections (node:internal/process/task_queues:95:5)
error Command failed with exit code 1.
info Visit https://yarnpkg.com/en/docs/cli/run for documentation about this command.
/Users/ge/mit/vuer-headless/node_modules/puppeteer-core/src/util/Deferred.ts:33
      this.#timeoutError = new TimeoutError(opts.message);
                           ^
TimeoutError: Navigation timeout of 30000 ms exceeded
    at new Deferred (/Users/ge/mit/vuer-headless/node_modules/puppeteer-core/src/util/Deferred.ts:33:28)
    at Function.create (/Users/ge/mit/vuer-headless/node_modules/puppeteer-core/src/util/Deferred.ts:85:12)
    at new LifecycleWatcher (/Users/ge/mit/vuer-headless/node_modules/puppeteer-core/src/cdp/LifecycleWatcher.ts:170:42)
    at CdpFrame.goto (/Users/ge/mit/vuer-headless/node_modules/puppeteer-core/src/cdp/Frame.ts:138:21)
    at CdpFrame.<anonymous> (/Users/ge/mit/vuer-headless/node_modules/puppeteer-core/src/util/decorators.ts:61:21)
    at CdpPage.goto (/Users/ge/mit/vuer-headless/node_modules/puppeteer-core/src/api/Page.ts:1560:35)
    at /Users/ge/mit/vuer-headless/src/index.ts:34:14
    at Generator.next (<anonymous>)
    at fulfilled (/Users/ge/mit/vuer-headless/src/index.ts:28:58)
    at processTicksAndRejections (node:internal/process/task_queues:95:5)
error Command failed with exit code 1.
info Visit https://yarnpkg.com/en/docs/cli/run for documentation about this command.
Platform: darwin
Architecture: arm64
Starting the headless browser...
Headless browser started.
yarn run v1.22.19
$ ts-node src/index.ts
yarn run v1.22.19
$ ts-node src/index.ts
Platform: darwin
Architecture: arm64
Starting the headless browser...
yarn run v1.22.19
$ ts-node src/index.ts
Headless browser started.
Platform: darwin
Architecture: arm64
Starting the headless browser...
yarn run v1.22.19
$ ts-node src/index.ts
Headless browser started.
yarn run v1.22.19
$ ts-node src/index.ts
yarn run v1.22.19
$ ts-node src/index.ts
Platform: darwin
Architecture: arm64
Starting the headless browser...
yarn run v1.22.19
Headless browser started.
$ ts-node src/index.ts
/Users/ge/mit/vuer-headless/node_modules/puppeteer-core/src/util/Deferred.ts:33
      this.#timeoutError = new TimeoutError(opts.message);
                           ^
TimeoutError: Navigation timeout of 30000 ms exceeded
    at new Deferred (/Users/ge/mit/vuer-headless/node_modules/puppeteer-core/src/util/Deferred.ts:33:28)
    at Function.create (/Users/ge/mit/vuer-headless/node_modules/puppeteer-core/src/util/Deferred.ts:85:12)
    at new LifecycleWatcher (/Users/ge/mit/vuer-headless/node_modules/puppeteer-core/src/cdp/LifecycleWatcher.ts:170:42)
    at CdpFrame.goto (/Users/ge/mit/vuer-headless/node_modules/puppeteer-core/src/cdp/Frame.ts:138:21)
    at CdpFrame.<anonymous> (/Users/ge/mit/vuer-headless/node_modules/puppeteer-core/src/util/decorators.ts:61:21)
    at CdpPage.goto (/Users/ge/mit/vuer-headless/node_modules/puppeteer-core/src/api/Page.ts:1560:35)
    at /Users/ge/mit/vuer-headless/src/index.ts:34:14
    at Generator.next (<anonymous>)
    at fulfilled (/Users/ge/mit/vuer-headless/src/index.ts:28:58)
    at processTicksAndRejections (node:internal/process/task_queues:95:5)
error Command failed with exit code 1.
info Visit https://yarnpkg.com/en/docs/cli/run for documentation about this command.
yarn run v1.22.19
$ ts-node src/index.ts
yarn run v1.22.19
$ ts-node src/index.ts
Platform: darwin
Architecture: arm64
Starting the headless browser...
Headless browser started.
/Users/ge/mit/vuer-headless/node_modules/puppeteer-core/src/util/Deferred.ts:33
      this.#timeoutError = new TimeoutError(opts.message);
                           ^
TimeoutError: Navigation timeout of 30000 ms exceeded
    at new Deferred (/Users/ge/mit/vuer-headless/node_modules/puppeteer-core/src/util/Deferred.ts:33:28)
    at Function.create (/Users/ge/mit/vuer-headless/node_modules/puppeteer-core/src/util/Deferred.ts:85:12)
    at new LifecycleWatcher (/Users/ge/mit/vuer-headless/node_modules/puppeteer-core/src/cdp/LifecycleWatcher.ts:170:42)
    at CdpFrame.goto (/Users/ge/mit/vuer-headless/node_modules/puppeteer-core/src/cdp/Frame.ts:138:21)
    at CdpFrame.<anonymous> (/Users/ge/mit/vuer-headless/node_modules/puppeteer-core/src/util/decorators.ts:61:21)
    at CdpPage.goto (/Users/ge/mit/vuer-headless/node_modules/puppeteer-core/src/api/Page.ts:1560:35)
    at /Users/ge/mit/vuer-headless/src/index.ts:34:14
    at Generator.next (<anonymous>)
    at fulfilled (/Users/ge/mit/vuer-headless/src/index.ts:28:58)
    at processTicksAndRejections (node:internal/process/task_queues:95:5)
error Command failed with exit code 1.
info Visit https://yarnpkg.com/en/docs/cli/run for documentation about this command.
yarn run v1.22.19
$ ts-node src/index.ts
Platform: darwin
Architecture: arm64
Starting the headless browser...
Headless browser started.
yarn run v1.22.19
$ ts-node src/index.ts
/Users/ge/mit/vuer-headless/node_modules/puppeteer-core/src/util/Deferred.ts:33
      this.#timeoutError = new TimeoutError(opts.message);
                           ^
TimeoutError: Navigation timeout of 30000 ms exceeded
    at new Deferred (/Users/ge/mit/vuer-headless/node_modules/puppeteer-core/src/util/Deferred.ts:33:28)
    at Function.create (/Users/ge/mit/vuer-headless/node_modules/puppeteer-core/src/util/Deferred.ts:85:12)
    at new LifecycleWatcher (/Users/ge/mit/vuer-headless/node_modules/puppeteer-core/src/cdp/LifecycleWatcher.ts:170:42)
    at CdpFrame.goto (/Users/ge/mit/vuer-headless/node_modules/puppeteer-core/src/cdp/Frame.ts:138:21)
    at CdpFrame.<anonymous> (/Users/ge/mit/vuer-headless/node_modules/puppeteer-core/src/util/decorators.ts:61:21)
    at CdpPage.goto (/Users/ge/mit/vuer-headless/node_modules/puppeteer-core/src/api/Page.ts:1560:35)
    at /Users/ge/mit/vuer-headless/src/index.ts:34:14
    at Generator.next (<anonymous>)
    at fulfilled (/Users/ge/mit/vuer-headless/src/index.ts:28:58)
    at processTicksAndRejections (node:internal/process/task_queues:95:5)
error Command failed with exit code 1.
info Visit https://yarnpkg.com/en/docs/cli/run for documentation about this command.
yarn run v1.22.19
$ ts-node src/index.ts
Platform: darwin
Architecture: arm64
Starting the headless browser...
yarn run v1.22.19
Headless browser started.
$ ts-node src/index.ts
yarn run v1.22.19
$ ts-node src/index.ts
Platform: darwin
Architecture: arm64
Starting the headless browser...
Headless browser started.
yarn run v1.22.19
$ ts-node src/index.ts
Platform: darwin
Architecture: arm64
Starting the headless browser...
yarn run v1.22.19
Headless browser started.
$ ts-node src/index.ts
yarn run v1.22.19
Platform: darwin
Architecture: arm64
Starting the headless browser...
$ ts-node src/index.ts
Headless browser started.
yarn run v1.22.19
$ ts-node src/index.ts
yarn run v1.22.19
$ ts-node src/index.ts
yarn run v1.22.19
$ ts-node src/index.ts
Platform: darwin
Architecture: arm64
Starting the headless browser...
yarn run v1.22.19
Platform: darwin
Architecture: arm64
Starting the headless browser...
Headless browser started.
Headless browser started.
$ ts-node src/index.ts
Platform: darwin
Architecture: arm64
Starting the headless browser...
yarn run v1.22.19
Headless browser started.
$ ts-node src/index.ts
yarn run v1.22.19
$ ts-node src/index.ts
yarn run v1.22.19
yarn run v1.22.19
yarn run v1.22.19
$ ts-node src/index.ts
$ ts-node src/index.ts
Platform: darwin
Architecture: arm64
Starting the headless browser...
$ ts-node src/index.ts
yarn run v1.22.19
Headless browser started.
$ ts-node src/index.ts
Platform: darwin
Architecture: arm64
Starting the headless browser...
yarn run v1.22.19
Headless browser started.
$ ts-node src/index.ts
yarn run v1.22.19
Platform: darwin
Architecture: arm64
Starting the headless browser...
yarn run v1.22.19
$ ts-node src/index.ts
$ ts-node src/index.ts
Platform: darwin
Architecture: arm64
Starting the headless browser...
Headless browser started.
yarn run v1.22.19
Headless browser started.
$ ts-node src/index.ts
yarn run v1.22.19
$ ts-node src/index.ts
yarn run v1.22.19
Platform: darwin
Architecture: arm64
Starting the headless browser...
yarn run v1.22.19
Headless browser started.
$ ts-node src/index.ts
yarn run v1.22.19
$ ts-node src/index.ts
$ ts-node src/index.ts
yarn run v1.22.19
yarn run v1.22.19
yarn run v1.22.19
Platform: darwin
Architecture: arm64
Starting the headless browser...
yarn run v1.22.19
Platform: darwin
Architecture: arm64
Starting the headless browser...
$ ts-node src/index.ts
$ ts-node src/index.ts
$ ts-node src/index.ts
yarn run v1.22.19
$ ts-node src/index.ts
yarn run v1.22.19
Headless browser started.
Headless browser started.
Platform: darwin
Architecture: arm64
yarn run v1.22.19
Starting the headless browser...
yarn run v1.22.19
yarn run v1.22.19
$ ts-node src/index.ts
$ ts-node src/index.ts
Headless browser started.
yarn run v1.22.19
$ ts-node src/index.ts
$ ts-node src/index.ts
$ ts-node src/index.ts
yarn run v1.22.19
$ ts-node src/index.ts
$ ts-node src/index.ts
yarn run v1.22.19
yarn run v1.22.19
$ ts-node src/index.ts
Waiting for 60 seconds...
$ ts-node src/index.ts
yarn run v1.22.19
Platform: darwin
Architecture: arm64
Starting the headless browser...
Headless browser started.
$ ts-node src/index.ts
Platform: darwin
Architecture: arm64
Starting the headless browser...
Headless browser started.
/Users/ge/mit/vuer-headless/node_modules/puppeteer-core/src/util/Deferred.ts:33
      this.#timeoutError = new TimeoutError(opts.message);
                           ^
TimeoutError: Navigation timeout of 30000 ms exceeded
    at new Deferred (/Users/ge/mit/vuer-headless/node_modules/puppeteer-core/src/util/Deferred.ts:33:28)
    at Function.create (/Users/ge/mit/vuer-headless/node_modules/puppeteer-core/src/util/Deferred.ts:85:12)
    at new LifecycleWatcher (/Users/ge/mit/vuer-headless/node_modules/puppeteer-core/src/cdp/LifecycleWatcher.ts:170:42)
    at CdpFrame.goto (/Users/ge/mit/vuer-headless/node_modules/puppeteer-core/src/cdp/Frame.ts:138:21)
    at CdpFrame.<anonymous> (/Users/ge/mit/vuer-headless/node_modules/puppeteer-core/src/util/decorators.ts:61:21)
    at CdpPage.goto (/Users/ge/mit/vuer-headless/node_modules/puppeteer-core/src/api/Page.ts:1560:35)
    at /Users/ge/mit/vuer-headless/src/index.ts:34:14
    at Generator.next (<anonymous>)
    at fulfilled (/Users/ge/mit/vuer-headless/src/index.ts:28:58)
    at processTicksAndRejections (node:internal/process/task_queues:95:5)
error Command failed with exit code 1.
info Visit https://yarnpkg.com/en/docs/cli/run for documentation about this command.
Platform: darwin
Architecture: arm64
Starting the headless browser...
Platform: darwin
Architecture: arm64
Starting the headless browser...
Headless browser started.
Platform: darwin
Architecture: arm64
Starting the headless browser...
/Users/ge/mit/vuer-headless/node_modules/puppeteer-core/src/util/Deferred.ts:33
      this.#timeoutError = new TimeoutError(opts.message);
                           ^
TimeoutError: Navigation timeout of 30000 ms exceeded
    at new Deferred (/Users/ge/mit/vuer-headless/node_modules/puppeteer-core/src/util/Deferred.ts:33:28)
    at Function.create (/Users/ge/mit/vuer-headless/node_modules/puppeteer-core/src/util/Deferred.ts:85:12)
    at new LifecycleWatcher (/Users/ge/mit/vuer-headless/node_modules/puppeteer-core/src/cdp/LifecycleWatcher.ts:170:42)
    at CdpFrame.goto (/Users/ge/mit/vuer-headless/node_modules/puppeteer-core/src/cdp/Frame.ts:138:21)
    at CdpFrame.<anonymous> (/Users/ge/mit/vuer-headless/node_modules/puppeteer-core/src/util/decorators.ts:61:21)
    at CdpPage.goto (/Users/ge/mit/vuer-headless/node_modules/puppeteer-core/src/api/Page.ts:1560:35)
    at /Users/ge/mit/vuer-headless/src/index.ts:34:14
    at Generator.next (<anonymous>)
    at fulfilled (/Users/ge/mit/vuer-headless/src/index.ts:28:58)
    at processTicksAndRejections (node:internal/process/task_queues:95:5)
error Command failed with exit code 1.
info Visit https://yarnpkg.com/en/docs/cli/run for documentation about this command.
Platform: darwin
Architecture: arm64
Starting the headless browser...
Headless browser started.
Waiting for 60 seconds...
Headless browser started.
Headless browser started.
/Users/ge/mit/vuer-headless/node_modules/puppeteer-core/src/util/Deferred.ts:33
      this.#timeoutError = new TimeoutError(opts.message);
                           ^
TimeoutError: Navigation timeout of 30000 ms exceeded
    at new Deferred (/Users/ge/mit/vuer-headless/node_modules/puppeteer-core/src/util/Deferred.ts:33:28)
    at Function.create (/Users/ge/mit/vuer-headless/node_modules/puppeteer-core/src/util/Deferred.ts:85:12)
    at new LifecycleWatcher (/Users/ge/mit/vuer-headless/node_modules/puppeteer-core/src/cdp/LifecycleWatcher.ts:170:42)
    at CdpFrame.goto (/Users/ge/mit/vuer-headless/node_modules/puppeteer-core/src/cdp/Frame.ts:138:21)
    at CdpFrame.<anonymous> (/Users/ge/mit/vuer-headless/node_modules/puppeteer-core/src/util/decorators.ts:61:21)
    at CdpPage.goto (/Users/ge/mit/vuer-headless/node_modules/puppeteer-core/src/api/Page.ts:1560:35)
    at /Users/ge/mit/vuer-headless/src/index.ts:34:14
    at Generator.next (<anonymous>)
    at fulfilled (/Users/ge/mit/vuer-headless/src/index.ts:28:58)
    at processTicksAndRejections (node:internal/process/task_queues:95:5)
error Command failed with exit code 1.
info Visit https://yarnpkg.com/en/docs/cli/run for documentation about this command.
Platform: darwin
Architecture: arm64
Starting the headless browser...
/Users/ge/mit/vuer-headless/node_modules/puppeteer-core/src/util/Deferred.ts:33
      this.#timeoutError = new TimeoutError(opts.message);
                           ^
TimeoutError: Navigation timeout of 30000 ms exceeded
    at new Deferred (/Users/ge/mit/vuer-headless/node_modules/puppeteer-core/src/util/Deferred.ts:33:28)
    at Function.create (/Users/ge/mit/vuer-headless/node_modules/puppeteer-core/src/util/Deferred.ts:85:12)
    at new LifecycleWatcher (/Users/ge/mit/vuer-headless/node_modules/puppeteer-core/src/cdp/LifecycleWatcher.ts:170:42)
    at CdpFrame.goto (/Users/ge/mit/vuer-headless/node_modules/puppeteer-core/src/cdp/Frame.ts:138:21)
    at CdpFrame.<anonymous> (/Users/ge/mit/vuer-headless/node_modules/puppeteer-core/src/util/decorators.ts:61:21)
    at CdpPage.goto (/Users/ge/mit/vuer-headless/node_modules/puppeteer-core/src/api/Page.ts:1560:35)
    at /Users/ge/mit/vuer-headless/src/index.ts:34:14
    at Generator.next (<anonymous>)
    at fulfilled (/Users/ge/mit/vuer-headless/src/index.ts:28:58)
    at processTicksAndRejections (node:internal/process/task_queues:95:5)
error Command failed with exit code 1.
info Visit https://yarnpkg.com/en/docs/cli/run for documentation about this command.
Headless browser started.
/Users/ge/mit/vuer-headless/node_modules/puppeteer-core/src/util/Deferred.ts:33
      this.#timeoutError = new TimeoutError(opts.message);
                           ^
TimeoutError: Navigation timeout of 30000 ms exceeded
    at new Deferred (/Users/ge/mit/vuer-headless/node_modules/puppeteer-core/src/util/Deferred.ts:33:28)
    at Function.create (/Users/ge/mit/vuer-headless/node_modules/puppeteer-core/src/util/Deferred.ts:85:12)
    at new LifecycleWatcher (/Users/ge/mit/vuer-headless/node_modules/puppeteer-core/src/cdp/LifecycleWatcher.ts:170:42)
    at CdpFrame.goto (/Users/ge/mit/vuer-headless/node_modules/puppeteer-core/src/cdp/Frame.ts:138:21)
    at CdpFrame.<anonymous> (/Users/ge/mit/vuer-headless/node_modules/puppeteer-core/src/util/decorators.ts:61:21)
    at CdpPage.goto (/Users/ge/mit/vuer-headless/node_modules/puppeteer-core/src/api/Page.ts:1560:35)
    at /Users/ge/mit/vuer-headless/src/index.ts:34:14
    at Generator.next (<anonymous>)
    at fulfilled (/Users/ge/mit/vuer-headless/src/index.ts:28:58)
    at processTicksAndRejections (node:internal/process/task_queues:95:5)
error Command failed with exit code 1.
info Visit https://yarnpkg.com/en/docs/cli/run for documentation about this command.
Platform: darwin
Architecture: arm64
Starting the headless browser...
/Users/ge/mit/vuer-headless/node_modules/puppeteer-core/src/util/Deferred.ts:33
      this.#timeoutError = new TimeoutError(opts.message);
                           ^
TimeoutError: Navigation timeout of 30000 ms exceeded
    at new Deferred (/Users/ge/mit/vuer-headless/node_modules/puppeteer-core/src/util/Deferred.ts:33:28)
    at Function.create (/Users/ge/mit/vuer-headless/node_modules/puppeteer-core/src/util/Deferred.ts:85:12)
    at new LifecycleWatcher (/Users/ge/mit/vuer-headless/node_modules/puppeteer-core/src/cdp/LifecycleWatcher.ts:170:42)
    at CdpFrame.goto (/Users/ge/mit/vuer-headless/node_modules/puppeteer-core/src/cdp/Frame.ts:138:21)
    at CdpFrame.<anonymous> (/Users/ge/mit/vuer-headless/node_modules/puppeteer-core/src/util/decorators.ts:61:21)
    at CdpPage.goto (/Users/ge/mit/vuer-headless/node_modules/puppeteer-core/src/api/Page.ts:1560:35)
    at /Users/ge/mit/vuer-headless/src/index.ts:34:14
    at Generator.next (<anonymous>)
    at fulfilled (/Users/ge/mit/vuer-headless/src/index.ts:28:58)
    at processTicksAndRejections (node:internal/process/task_queues:95:5)
error Command failed with exit code 1.
info Visit https://yarnpkg.com/en/docs/cli/run for documentation about this command.
Waiting for 60 seconds...
Platform: darwin
Architecture: arm64
Starting the headless browser...
Waiting for 60 seconds...
Headless browser started.
Headless browser started.
Waiting for 60 seconds...
Waiting for 60 seconds...
/Users/ge/mit/vuer-headless/node_modules/puppeteer-core/src/util/Deferred.ts:33
      this.#timeoutError = new TimeoutError(opts.message);
                           ^
TimeoutError: Navigation timeout of 30000 ms exceeded
    at new Deferred (/Users/ge/mit/vuer-headless/node_modules/puppeteer-core/src/util/Deferred.ts:33:28)
    at Function.create (/Users/ge/mit/vuer-headless/node_modules/puppeteer-core/src/util/Deferred.ts:85:12)
    at new LifecycleWatcher (/Users/ge/mit/vuer-headless/node_modules/puppeteer-core/src/cdp/LifecycleWatcher.ts:170:42)
    at CdpFrame.goto (/Users/ge/mit/vuer-headless/node_modules/puppeteer-core/src/cdp/Frame.ts:138:21)
    at CdpFrame.<anonymous> (/Users/ge/mit/vuer-headless/node_modules/puppeteer-core/src/util/decorators.ts:61:21)
    at CdpPage.goto (/Users/ge/mit/vuer-headless/node_modules/puppeteer-core/src/api/Page.ts:1560:35)
    at /Users/ge/mit/vuer-headless/src/index.ts:34:14
    at Generator.next (<anonymous>)
    at fulfilled (/Users/ge/mit/vuer-headless/src/index.ts:28:58)
    at processTicksAndRejections (node:internal/process/task_queues:95:5)
Platform: darwin
Architecture: arm64
Starting the headless browser...
error Command failed with exit code 1.
info Visit https://yarnpkg.com/en/docs/cli/run for documentation about this command.
Headless browser started.
/Users/ge/mit/vuer-headless/node_modules/puppeteer-core/src/util/Deferred.ts:33
      this.#timeoutError = new TimeoutError(opts.message);
                           ^
TimeoutError: Navigation timeout of 30000 ms exceeded
    at new Deferred (/Users/ge/mit/vuer-headless/node_modules/puppeteer-core/src/util/Deferred.ts:33:28)
    at Function.create (/Users/ge/mit/vuer-headless/node_modules/puppeteer-core/src/util/Deferred.ts:85:12)
    at new LifecycleWatcher (/Users/ge/mit/vuer-headless/node_modules/puppeteer-core/src/cdp/LifecycleWatcher.ts:170:42)
    at CdpFrame.goto (/Users/ge/mit/vuer-headless/node_modules/puppeteer-core/src/cdp/Frame.ts:138:21)
    at CdpFrame.<anonymous> (/Users/ge/mit/vuer-headless/node_modules/puppeteer-core/src/util/decorators.ts:61:21)
    at CdpPage.goto (/Users/ge/mit/vuer-headless/node_modules/puppeteer-core/src/api/Page.ts:1560:35)
    at /Users/ge/mit/vuer-headless/src/index.ts:34:14
    at Generator.next (<anonymous>)
    at fulfilled (/Users/ge/mit/vuer-headless/src/index.ts:28:58)
    at processTicksAndRejections (node:internal/process/task_queues:95:5)
error Command failed with exit code 1.
info Visit https://yarnpkg.com/en/docs/cli/run for documentation about this command.
Platform: darwin
Architecture: arm64
Starting the headless browser...
/Users/ge/mit/vuer-headless/node_modules/puppeteer-core/src/util/Deferred.ts:33
      this.#timeoutError = new TimeoutError(opts.message);
                           ^
TimeoutError: Navigation timeout of 30000 ms exceeded
    at new Deferred (/Users/ge/mit/vuer-headless/node_modules/puppeteer-core/src/util/Deferred.ts:33:28)
    at Function.create (/Users/ge/mit/vuer-headless/node_modules/puppeteer-core/src/util/Deferred.ts:85:12)
    at new LifecycleWatcher (/Users/ge/mit/vuer-headless/node_modules/puppeteer-core/src/cdp/LifecycleWatcher.ts:170:42)
    at CdpFrame.goto (/Users/ge/mit/vuer-headless/node_modules/puppeteer-core/src/cdp/Frame.ts:138:21)
    at CdpFrame.<anonymous> (/Users/ge/mit/vuer-headless/node_modules/puppeteer-core/src/util/decorators.ts:61:21)
    at CdpPage.goto (/Users/ge/mit/vuer-headless/node_modules/puppeteer-core/src/api/Page.ts:1560:35)
    at /Users/ge/mit/vuer-headless/src/index.ts:34:14
    at Generator.next (<anonymous>)
    at fulfilled (/Users/ge/mit/vuer-headless/src/index.ts:28:58)
    at processTicksAndRejections (node:internal/process/task_queues:95:5)
Headless browser started.
error Command failed with exit code 1.
info Visit https://yarnpkg.com/en/docs/cli/run for documentation about this command.
Platform: darwin
Architecture: arm64
Starting the headless browser...
Platform: darwin
Architecture: arm64
Starting the headless browser...
Headless browser started.
Platform: darwin
Architecture: arm64
Starting the headless browser...
Headless browser started.
Platform: darwin
Architecture: arm64
Starting the headless browser...
Headless browser started.
Platform: darwin
Platform: darwin
Architecture: arm64
Starting the headless browser...
Headless browser started.
/Users/ge/mit/vuer-headless/node_modules/puppeteer-core/src/util/Deferred.ts:33
      this.#timeoutError = new TimeoutError(opts.message);
                           ^
TimeoutError: Navigation timeout of 30000 ms exceeded
    at new Deferred (/Users/ge/mit/vuer-headless/node_modules/puppeteer-core/src/util/Deferred.ts:33:28)
    at Function.create (/Users/ge/mit/vuer-headless/node_modules/puppeteer-core/src/util/Deferred.ts:85:12)
    at new LifecycleWatcher (/Users/ge/mit/vuer-headless/node_modules/puppeteer-core/src/cdp/LifecycleWatcher.ts:170:42)
    at CdpFrame.goto (/Users/ge/mit/vuer-headless/node_modules/puppeteer-core/src/cdp/Frame.ts:138:21)
    at CdpFrame.<anonymous> (/Users/ge/mit/vuer-headless/node_modules/puppeteer-core/src/util/decorators.ts:61:21)
    at CdpPage.goto (/Users/ge/mit/vuer-headless/node_modules/puppeteer-core/src/api/Page.ts:1560:35)
    at /Users/ge/mit/vuer-headless/src/index.ts:34:14
    at Generator.next (<anonymous>)
    at fulfilled (/Users/ge/mit/vuer-headless/src/index.ts:28:58)
    at processTicksAndRejections (node:internal/process/task_queues:95:5)
Platform: darwin
Architecture: arm64
Starting the headless browser...
error Command failed with exit code 1.
info Visit https://yarnpkg.com/en/docs/cli/run for documentation about this command.
Architecture: arm64
Starting the headless browser...
Platform: darwin
Architecture: arm64
Starting the headless browser...
Platform: darwin
Architecture: arm64
Starting the headless browser...
Headless browser started.
/Users/ge/mit/vuer-headless/node_modules/puppeteer-core/src/util/Deferred.ts:33
      this.#timeoutError = new TimeoutError(opts.message);
                           ^
TimeoutError: Navigation timeout of 30000 ms exceeded
    at new Deferred (/Users/ge/mit/vuer-headless/node_modules/puppeteer-core/src/util/Deferred.ts:33:28)
    at Function.create (/Users/ge/mit/vuer-headless/node_modules/puppeteer-core/src/util/Deferred.ts:85:12)
    at new LifecycleWatcher (/Users/ge/mit/vuer-headless/node_modules/puppeteer-core/src/cdp/LifecycleWatcher.ts:170:42)
    at CdpFrame.goto (/Users/ge/mit/vuer-headless/node_modules/puppeteer-core/src/cdp/Frame.ts:138:21)
    at CdpFrame.<anonymous> (/Users/ge/mit/vuer-headless/node_modules/puppeteer-core/src/util/decorators.ts:61:21)
    at CdpPage.goto (/Users/ge/mit/vuer-headless/node_modules/puppeteer-core/src/api/Page.ts:1560:35)
    at /Users/ge/mit/vuer-headless/src/index.ts:34:14
    at Generator.next (<anonymous>)
    at fulfilled (/Users/ge/mit/vuer-headless/src/index.ts:28:58)
    at processTicksAndRejections (node:internal/process/task_queues:95:5)
error Command failed with exit code 1.
info Visit https://yarnpkg.com/en/docs/cli/run for documentation about this command.
Headless browser started.
Headless browser started.
Headless browser started.
Platform: darwin
Architecture: arm64
Starting the headless browser...
Headless browser started.
Platform: darwin
Architecture: arm64
Starting the headless browser...
Platform: darwin
Architecture: arm64
Starting the headless browser...
/Users/ge/mit/vuer-headless/node_modules/puppeteer-core/src/util/Deferred.ts:33
      this.#timeoutError = new TimeoutError(opts.message);
                           ^
TimeoutError: Navigation timeout of 30000 ms exceeded
    at new Deferred (/Users/ge/mit/vuer-headless/node_modules/puppeteer-core/src/util/Deferred.ts:33:28)
    at Function.create (/Users/ge/mit/vuer-headless/node_modules/puppeteer-core/src/util/Deferred.ts:85:12)
    at new LifecycleWatcher (/Users/ge/mit/vuer-headless/node_modules/puppeteer-core/src/cdp/LifecycleWatcher.ts:170:42)
    at CdpFrame.goto (/Users/ge/mit/vuer-headless/node_modules/puppeteer-core/src/cdp/Frame.ts:138:21)
    at CdpFrame.<anonymous> (/Users/ge/mit/vuer-headless/node_modules/puppeteer-core/src/util/decorators.ts:61:21)
    at CdpPage.goto (/Users/ge/mit/vuer-headless/node_modules/puppeteer-core/src/api/Page.ts:1560:35)
    at /Users/ge/mit/vuer-headless/src/index.ts:34:14
    at Generator.next (<anonymous>)
    at fulfilled (/Users/ge/mit/vuer-headless/src/index.ts:28:58)
    at processTicksAndRejections (node:internal/process/task_queues:95:5)
Platform: darwin
Architecture: arm64
Starting the headless browser...
Platform: darwin
Architecture: arm64
Starting the headless browser...
error Command failed with exit code 1.
info Visit https://yarnpkg.com/en/docs/cli/run for documentation about this command.
Headless browser started.
Headless browser started.
Platform: darwin
Architecture: arm64
Starting the headless browser...
Headless browser started.
Headless browser started.
Headless browser started.
Platform: darwin
Architecture: arm64
Starting the headless browser...
Headless browser started.
Waiting for 60 seconds...
Headless browser started.
Waiting for 60 seconds...
/Users/ge/mit/vuer-headless/node_modules/puppeteer-core/src/util/Deferred.ts:33
      this.#timeoutError = new TimeoutError(opts.message);
                           ^
TimeoutError: Navigation timeout of 30000 ms exceeded
    at new Deferred (/Users/ge/mit/vuer-headless/node_modules/puppeteer-core/src/util/Deferred.ts:33:28)
    at Function.create (/Users/ge/mit/vuer-headless/node_modules/puppeteer-core/src/util/Deferred.ts:85:12)
    at new LifecycleWatcher (/Users/ge/mit/vuer-headless/node_modules/puppeteer-core/src/cdp/LifecycleWatcher.ts:170:42)
    at CdpFrame.goto (/Users/ge/mit/vuer-headless/node_modules/puppeteer-core/src/cdp/Frame.ts:138:21)
    at CdpFrame.<anonymous> (/Users/ge/mit/vuer-headless/node_modules/puppeteer-core/src/util/decorators.ts:61:21)
    at CdpPage.goto (/Users/ge/mit/vuer-headless/node_modules/puppeteer-core/src/api/Page.ts:1560:35)
    at /Users/ge/mit/vuer-headless/src/index.ts:34:14
    at Generator.next (<anonymous>)
    at fulfilled (/Users/ge/mit/vuer-headless/src/index.ts:28:58)
    at processTicksAndRejections (node:internal/process/task_queues:95:5)
error Command failed with exit code 1.
info Visit https://yarnpkg.com/en/docs/cli/run for documentation about this command.
/Users/ge/mit/vuer-headless/node_modules/puppeteer-core/src/util/Deferred.ts:33
      this.#timeoutError = new TimeoutError(opts.message);
                           ^
TimeoutError: Navigation timeout of 30000 ms exceeded
    at new Deferred (/Users/ge/mit/vuer-headless/node_modules/puppeteer-core/src/util/Deferred.ts:33:28)
    at Function.create (/Users/ge/mit/vuer-headless/node_modules/puppeteer-core/src/util/Deferred.ts:85:12)
    at new LifecycleWatcher (/Users/ge/mit/vuer-headless/node_modules/puppeteer-core/src/cdp/LifecycleWatcher.ts:170:42)
    at CdpFrame.goto (/Users/ge/mit/vuer-headless/node_modules/puppeteer-core/src/cdp/Frame.ts:138:21)
    at CdpFrame.<anonymous> (/Users/ge/mit/vuer-headless/node_modules/puppeteer-core/src/util/decorators.ts:61:21)
    at CdpPage.goto (/Users/ge/mit/vuer-headless/node_modules/puppeteer-core/src/api/Page.ts:1560:35)
    at /Users/ge/mit/vuer-headless/src/index.ts:34:14
    at Generator.next (<anonymous>)
    at fulfilled (/Users/ge/mit/vuer-headless/src/index.ts:28:58)
    at processTicksAndRejections (node:internal/process/task_queues:95:5)
error Command failed with exit code 1.
info Visit https://yarnpkg.com/en/docs/cli/run for documentation about this command.
Platform: darwin
Architecture: arm64
Starting the headless browser...
Waiting for 60 seconds...
Platform: darwin
Headless browser started.
Architecture: arm64
Starting the headless browser...
Headless browser started.
/Users/ge/mit/vuer-headless/node_modules/puppeteer-core/src/util/Deferred.ts:33
      this.#timeoutError = new TimeoutError(opts.message);
                           ^
TimeoutError: Navigation timeout of 30000 ms exceeded
    at new Deferred (/Users/ge/mit/vuer-headless/node_modules/puppeteer-core/src/util/Deferred.ts:33:28)
    at Function.create (/Users/ge/mit/vuer-headless/node_modules/puppeteer-core/src/util/Deferred.ts:85:12)
    at new LifecycleWatcher (/Users/ge/mit/vuer-headless/node_modules/puppeteer-core/src/cdp/LifecycleWatcher.ts:170:42)
    at CdpFrame.goto (/Users/ge/mit/vuer-headless/node_modules/puppeteer-core/src/cdp/Frame.ts:138:21)
    at CdpFrame.<anonymous> (/Users/ge/mit/vuer-headless/node_modules/puppeteer-core/src/util/decorators.ts:61:21)
    at CdpPage.goto (/Users/ge/mit/vuer-headless/node_modules/puppeteer-core/src/api/Page.ts:1560:35)
    at /Users/ge/mit/vuer-headless/src/index.ts:34:14
    at Generator.next (<anonymous>)
    at fulfilled (/Users/ge/mit/vuer-headless/src/index.ts:28:58)
    at processTicksAndRejections (node:internal/process/task_queues:95:5)
error Command failed with exit code 1.
info Visit https://yarnpkg.com/en/docs/cli/run for documentation about this command.
Waiting for 60 seconds...
Waiting for 60 seconds...
/Users/ge/mit/vuer-headless/node_modules/puppeteer-core/src/util/Deferred.ts:33
      this.#timeoutError = new TimeoutError(opts.message);
                           ^
TimeoutError: Navigation timeout of 30000 ms exceeded
    at new Deferred (/Users/ge/mit/vuer-headless/node_modules/puppeteer-core/src/util/Deferred.ts:33:28)
    at Function.create (/Users/ge/mit/vuer-headless/node_modules/puppeteer-core/src/util/Deferred.ts:85:12)
    at new LifecycleWatcher (/Users/ge/mit/vuer-headless/node_modules/puppeteer-core/src/cdp/LifecycleWatcher.ts:170:42)
    at CdpFrame.goto (/Users/ge/mit/vuer-headless/node_modules/puppeteer-core/src/cdp/Frame.ts:138:21)
    at CdpFrame.<anonymous> (/Users/ge/mit/vuer-headless/node_modules/puppeteer-core/src/util/decorators.ts:61:21)
    at CdpPage.goto (/Users/ge/mit/vuer-headless/node_modules/puppeteer-core/src/api/Page.ts:1560:35)
    at /Users/ge/mit/vuer-headless/src/index.ts:34:14
    at Generator.next (<anonymous>)
    at fulfilled (/Users/ge/mit/vuer-headless/src/index.ts:28:58)
    at processTicksAndRejections (node:internal/process/task_queues:95:5)
error Command failed with exit code 1.
info Visit https://yarnpkg.com/en/docs/cli/run for documentation about this command.
Waiting for 60 seconds...
/Users/ge/mit/vuer-headless/node_modules/puppeteer-core/src/util/Deferred.ts:33
      this.#timeoutError = new TimeoutError(opts.message);
                           ^
TimeoutError: Navigation timeout of 30000 ms exceeded
    at new Deferred (/Users/ge/mit/vuer-headless/node_modules/puppeteer-core/src/util/Deferred.ts:33:28)
    at Function.create (/Users/ge/mit/vuer-headless/node_modules/puppeteer-core/src/util/Deferred.ts:85:12)
    at new LifecycleWatcher (/Users/ge/mit/vuer-headless/node_modules/puppeteer-core/src/cdp/LifecycleWatcher.ts:170:42)
    at CdpFrame.goto (/Users/ge/mit/vuer-headless/node_modules/puppeteer-core/src/cdp/Frame.ts:138:21)
    at CdpFrame.<anonymous> (/Users/ge/mit/vuer-headless/node_modules/puppeteer-core/src/util/decorators.ts:61:21)
    at CdpPage.goto (/Users/ge/mit/vuer-headless/node_modules/puppeteer-core/src/api/Page.ts:1560:35)
    at /Users/ge/mit/vuer-headless/src/index.ts:34:14
    at Generator.next (<anonymous>)
    at fulfilled (/Users/ge/mit/vuer-headless/src/index.ts:28:58)
    at processTicksAndRejections (node:internal/process/task_queues:95:5)
error Command failed with exit code 1.
info Visit https://yarnpkg.com/en/docs/cli/run for documentation about this command.
Waiting for 60 seconds...
Waiting for 60 seconds...
/Users/ge/mit/vuer-headless/node_modules/puppeteer-core/src/util/Deferred.ts:33
      this.#timeoutError = new TimeoutError(opts.message);
                           ^
TimeoutError: Navigation timeout of 30000 ms exceeded
    at new Deferred (/Users/ge/mit/vuer-headless/node_modules/puppeteer-core/src/util/Deferred.ts:33:28)
    at Function.create (/Users/ge/mit/vuer-headless/node_modules/puppeteer-core/src/util/Deferred.ts:85:12)
    at new LifecycleWatcher (/Users/ge/mit/vuer-headless/node_modules/puppeteer-core/src/cdp/LifecycleWatcher.ts:170:42)
    at CdpFrame.goto (/Users/ge/mit/vuer-headless/node_modules/puppeteer-core/src/cdp/Frame.ts:138:21)
    at CdpFrame.<anonymous> (/Users/ge/mit/vuer-headless/node_modules/puppeteer-core/src/util/decorators.ts:61:21)
    at CdpPage.goto (/Users/ge/mit/vuer-headless/node_modules/puppeteer-core/src/api/Page.ts:1560:35)
    at /Users/ge/mit/vuer-headless/src/index.ts:34:14
    at Generator.next (<anonymous>)
    at fulfilled (/Users/ge/mit/vuer-headless/src/index.ts:28:58)
    at processTicksAndRejections (node:internal/process/task_queues:95:5)
error Command failed with exit code 1.
info Visit https://yarnpkg.com/en/docs/cli/run for documentation about this command.
/Users/ge/mit/vuer-headless/node_modules/puppeteer-core/src/util/Deferred.ts:33
      this.#timeoutError = new TimeoutError(opts.message);
                           ^
TimeoutError: Navigation timeout of 30000 ms exceeded
    at new Deferred (/Users/ge/mit/vuer-headless/node_modules/puppeteer-core/src/util/Deferred.ts:33:28)
    at Function.create (/Users/ge/mit/vuer-headless/node_modules/puppeteer-core/src/util/Deferred.ts:85:12)
    at new LifecycleWatcher (/Users/ge/mit/vuer-headless/node_modules/puppeteer-core/src/cdp/LifecycleWatcher.ts:170:42)
    at CdpFrame.goto (/Users/ge/mit/vuer-headless/node_modules/puppeteer-core/src/cdp/Frame.ts:138:21)
    at CdpFrame.<anonymous> (/Users/ge/mit/vuer-headless/node_modules/puppeteer-core/src/util/decorators.ts:61:21)
    at CdpPage.goto (/Users/ge/mit/vuer-headless/node_modules/puppeteer-core/src/api/Page.ts:1560:35)
    at /Users/ge/mit/vuer-headless/src/index.ts:34:14
    at Generator.next (<anonymous>)
    at fulfilled (/Users/ge/mit/vuer-headless/src/index.ts:28:58)
    at processTicksAndRejections (node:internal/process/task_queues:95:5)
error Command failed with exit code 1.
info Visit https://yarnpkg.com/en/docs/cli/run for documentation about this command.
/Users/ge/mit/vuer-headless/node_modules/puppeteer-core/src/util/Deferred.ts:33
      this.#timeoutError = new TimeoutError(opts.message);
                           ^
TimeoutError: Navigation timeout of 30000 ms exceeded
    at new Deferred (/Users/ge/mit/vuer-headless/node_modules/puppeteer-core/src/util/Deferred.ts:33:28)
    at Function.create (/Users/ge/mit/vuer-headless/node_modules/puppeteer-core/src/util/Deferred.ts:85:12)
    at new LifecycleWatcher (/Users/ge/mit/vuer-headless/node_modules/puppeteer-core/src/cdp/LifecycleWatcher.ts:170:42)
    at CdpFrame.goto (/Users/ge/mit/vuer-headless/node_modules/puppeteer-core/src/cdp/Frame.ts:138:21)
    at CdpFrame.<anonymous> (/Users/ge/mit/vuer-headless/node_modules/puppeteer-core/src/util/decorators.ts:61:21)
    at CdpPage.goto (/Users/ge/mit/vuer-headless/node_modules/puppeteer-core/src/api/Page.ts:1560:35)
    at /Users/ge/mit/vuer-headless/src/index.ts:34:14
    at Generator.next (<anonymous>)
    at fulfilled (/Users/ge/mit/vuer-headless/src/index.ts:28:58)
    at processTicksAndRejections (node:internal/process/task_queues:95:5)
error Command failed with exit code 1.
info Visit https://yarnpkg.com/en/docs/cli/run for documentation about this command.
/Users/ge/mit/vuer-headless/node_modules/puppeteer-core/src/util/Deferred.ts:33
      this.#timeoutError = new TimeoutError(opts.message);
                           ^
TimeoutError: Navigation timeout of 30000 ms exceeded
    at new Deferred (/Users/ge/mit/vuer-headless/node_modules/puppeteer-core/src/util/Deferred.ts:33:28)
    at Function.create (/Users/ge/mit/vuer-headless/node_modules/puppeteer-core/src/util/Deferred.ts:85:12)
    at new LifecycleWatcher (/Users/ge/mit/vuer-headless/node_modules/puppeteer-core/src/cdp/LifecycleWatcher.ts:170:42)
    at CdpFrame.goto (/Users/ge/mit/vuer-headless/node_modules/puppeteer-core/src/cdp/Frame.ts:138:21)
    at CdpFrame.<anonymous> (/Users/ge/mit/vuer-headless/node_modules/puppeteer-core/src/util/decorators.ts:61:21)
    at CdpPage.goto (/Users/ge/mit/vuer-headless/node_modules/puppeteer-core/src/api/Page.ts:1560:35)
    at /Users/ge/mit/vuer-headless/src/index.ts:34:14
    at Generator.next (<anonymous>)
    at fulfilled (/Users/ge/mit/vuer-headless/src/index.ts:28:58)
    at processTicksAndRejections (node:internal/process/task_queues:95:5)
error Command failed with exit code 1.
info Visit https://yarnpkg.com/en/docs/cli/run for documentation about this command.
Waiting for 60 seconds...
/Users/ge/mit/vuer-headless/node_modules/puppeteer-core/src/util/Deferred.ts:33
      this.#timeoutError = new TimeoutError(opts.message);
                           ^
TimeoutError: Navigation timeout of 30000 ms exceeded
    at new Deferred (/Users/ge/mit/vuer-headless/node_modules/puppeteer-core/src/util/Deferred.ts:33:28)
    at Function.create (/Users/ge/mit/vuer-headless/node_modules/puppeteer-core/src/util/Deferred.ts:85:12)
    at new LifecycleWatcher (/Users/ge/mit/vuer-headless/node_modules/puppeteer-core/src/cdp/LifecycleWatcher.ts:170:42)
    at CdpFrame.goto (/Users/ge/mit/vuer-headless/node_modules/puppeteer-core/src/cdp/Frame.ts:138:21)
    at CdpFrame.<anonymous> (/Users/ge/mit/vuer-headless/node_modules/puppeteer-core/src/util/decorators.ts:61:21)
    at CdpPage.goto (/Users/ge/mit/vuer-headless/node_modules/puppeteer-core/src/api/Page.ts:1560:35)
    at /Users/ge/mit/vuer-headless/src/index.ts:34:14
    at Generator.next (<anonymous>)
    at fulfilled (/Users/ge/mit/vuer-headless/src/index.ts:28:58)
    at processTicksAndRejections (node:internal/process/task_queues:95:5)
error Command failed with exit code 1.
info Visit https://yarnpkg.com/en/docs/cli/run for documentation about this command.
Waiting for 60 seconds...
/Users/ge/mit/vuer-headless/node_modules/puppeteer-core/src/util/Deferred.ts:33
      this.#timeoutError = new TimeoutError(opts.message);
                           ^
TimeoutError: Navigation timeout of 30000 ms exceeded
    at new Deferred (/Users/ge/mit/vuer-headless/node_modules/puppeteer-core/src/util/Deferred.ts:33:28)
    at Function.create (/Users/ge/mit/vuer-headless/node_modules/puppeteer-core/src/util/Deferred.ts:85:12)
    at new LifecycleWatcher (/Users/ge/mit/vuer-headless/node_modules/puppeteer-core/src/cdp/LifecycleWatcher.ts:170:42)
    at CdpFrame.goto (/Users/ge/mit/vuer-headless/node_modules/puppeteer-core/src/cdp/Frame.ts:138:21)
    at CdpFrame.<anonymous> (/Users/ge/mit/vuer-headless/node_modules/puppeteer-core/src/util/decorators.ts:61:21)
    at CdpPage.goto (/Users/ge/mit/vuer-headless/node_modules/puppeteer-core/src/api/Page.ts:1560:35)
    at /Users/ge/mit/vuer-headless/src/index.ts:34:14
    at Generator.next (<anonymous>)
    at fulfilled (/Users/ge/mit/vuer-headless/src/index.ts:28:58)
    at processTicksAndRejections (node:internal/process/task_queues:95:5)
error Command failed with exit code 1.
info Visit https://yarnpkg.com/en/docs/cli/run for documentation about this command.
Waiting for 60 seconds...
/Users/ge/mit/vuer-headless/node_modules/puppeteer-core/src/util/Deferred.ts:33
      this.#timeoutError = new TimeoutError(opts.message);
                           ^
TimeoutError: Navigation timeout of 30000 ms exceeded
    at new Deferred (/Users/ge/mit/vuer-headless/node_modules/puppeteer-core/src/util/Deferred.ts:33:28)
    at Function.create (/Users/ge/mit/vuer-headless/node_modules/puppeteer-core/src/util/Deferred.ts:85:12)
    at new LifecycleWatcher (/Users/ge/mit/vuer-headless/node_modules/puppeteer-core/src/cdp/LifecycleWatcher.ts:170:42)
    at CdpFrame.goto (/Users/ge/mit/vuer-headless/node_modules/puppeteer-core/src/cdp/Frame.ts:138:21)
    at CdpFrame.<anonymous> (/Users/ge/mit/vuer-headless/node_modules/puppeteer-core/src/util/decorators.ts:61:21)
    at CdpPage.goto (/Users/ge/mit/vuer-headless/node_modules/puppeteer-core/src/api/Page.ts:1560:35)
    at /Users/ge/mit/vuer-headless/src/index.ts:34:14
    at Generator.next (<anonymous>)
    at fulfilled (/Users/ge/mit/vuer-headless/src/index.ts:28:58)
    at processTicksAndRejections (node:internal/process/task_queues:95:5)
error Command failed with exit code 1.
info Visit https://yarnpkg.com/en/docs/cli/run for documentation about this command.
/Users/ge/mit/vuer-headless/node_modules/puppeteer-core/src/util/Deferred.ts:33
      this.#timeoutError = new TimeoutError(opts.message);
                           ^
TimeoutError: Navigation timeout of 30000 ms exceeded
    at new Deferred (/Users/ge/mit/vuer-headless/node_modules/puppeteer-core/src/util/Deferred.ts:33:28)
    at Function.create (/Users/ge/mit/vuer-headless/node_modules/puppeteer-core/src/util/Deferred.ts:85:12)
    at new LifecycleWatcher (/Users/ge/mit/vuer-headless/node_modules/puppeteer-core/src/cdp/LifecycleWatcher.ts:170:42)
    at CdpFrame.goto (/Users/ge/mit/vuer-headless/node_modules/puppeteer-core/src/cdp/Frame.ts:138:21)
    at CdpFrame.<anonymous> (/Users/ge/mit/vuer-headless/node_modules/puppeteer-core/src/util/decorators.ts:61:21)
    at CdpPage.goto (/Users/ge/mit/vuer-headless/node_modules/puppeteer-core/src/api/Page.ts:1560:35)
    at /Users/ge/mit/vuer-headless/src/index.ts:34:14
    at Generator.next (<anonymous>)
    at fulfilled (/Users/ge/mit/vuer-headless/src/index.ts:28:58)
    at processTicksAndRejections (node:internal/process/task_queues:95:5)
error Command failed with exit code 1.
info Visit https://yarnpkg.com/en/docs/cli/run for documentation about this command.
Waiting for 60 seconds...
/Users/ge/mit/vuer-headless/node_modules/puppeteer-core/src/util/Deferred.ts:33
      this.#timeoutError = new TimeoutError(opts.message);
                           ^
TimeoutError: Navigation timeout of 30000 ms exceeded
    at new Deferred (/Users/ge/mit/vuer-headless/node_modules/puppeteer-core/src/util/Deferred.ts:33:28)
    at Function.create (/Users/ge/mit/vuer-headless/node_modules/puppeteer-core/src/util/Deferred.ts:85:12)
    at new LifecycleWatcher (/Users/ge/mit/vuer-headless/node_modules/puppeteer-core/src/cdp/LifecycleWatcher.ts:170:42)
    at CdpFrame.goto (/Users/ge/mit/vuer-headless/node_modules/puppeteer-core/src/cdp/Frame.ts:138:21)
    at CdpFrame.<anonymous> (/Users/ge/mit/vuer-headless/node_modules/puppeteer-core/src/util/decorators.ts:61:21)
    at CdpPage.goto (/Users/ge/mit/vuer-headless/node_modules/puppeteer-core/src/api/Page.ts:1560:35)
    at /Users/ge/mit/vuer-headless/src/index.ts:34:14
    at Generator.next (<anonymous>)
    at fulfilled (/Users/ge/mit/vuer-headless/src/index.ts:28:58)
    at processTicksAndRejections (node:internal/process/task_queues:95:5)
error Command failed with exit code 1.
info Visit https://yarnpkg.com/en/docs/cli/run for documentation about this command.
/Users/ge/mit/vuer-headless/node_modules/puppeteer-core/src/util/Deferred.ts:33
      this.#timeoutError = new TimeoutError(opts.message);
                           ^
TimeoutError: Navigation timeout of 30000 ms exceeded
    at new Deferred (/Users/ge/mit/vuer-headless/node_modules/puppeteer-core/src/util/Deferred.ts:33:28)
    at Function.create (/Users/ge/mit/vuer-headless/node_modules/puppeteer-core/src/util/Deferred.ts:85:12)
    at new LifecycleWatcher (/Users/ge/mit/vuer-headless/node_modules/puppeteer-core/src/cdp/LifecycleWatcher.ts:170:42)
    at CdpFrame.goto (/Users/ge/mit/vuer-headless/node_modules/puppeteer-core/src/cdp/Frame.ts:138:21)
    at CdpFrame.<anonymous> (/Users/ge/mit/vuer-headless/node_modules/puppeteer-core/src/util/decorators.ts:61:21)
    at CdpPage.goto (/Users/ge/mit/vuer-headless/node_modules/puppeteer-core/src/api/Page.ts:1560:35)
    at /Users/ge/mit/vuer-headless/src/index.ts:34:14
    at Generator.next (<anonymous>)
    at fulfilled (/Users/ge/mit/vuer-headless/src/index.ts:28:58)
    at processTicksAndRejections (node:internal/process/task_queues:95:5)
error Command failed with exit code 1.
info Visit https://yarnpkg.com/en/docs/cli/run for documentation about this command.
/Users/ge/mit/vuer-headless/node_modules/puppeteer-core/src/util/Deferred.ts:33
      this.#timeoutError = new TimeoutError(opts.message);
                           ^
TimeoutError: Navigation timeout of 30000 ms exceeded
    at new Deferred (/Users/ge/mit/vuer-headless/node_modules/puppeteer-core/src/util/Deferred.ts:33:28)
    at Function.create (/Users/ge/mit/vuer-headless/node_modules/puppeteer-core/src/util/Deferred.ts:85:12)
    at new LifecycleWatcher (/Users/ge/mit/vuer-headless/node_modules/puppeteer-core/src/cdp/LifecycleWatcher.ts:170:42)
    at CdpFrame.goto (/Users/ge/mit/vuer-headless/node_modules/puppeteer-core/src/cdp/Frame.ts:138:21)
    at CdpFrame.<anonymous> (/Users/ge/mit/vuer-headless/node_modules/puppeteer-core/src/util/decorators.ts:61:21)
    at CdpPage.goto (/Users/ge/mit/vuer-headless/node_modules/puppeteer-core/src/api/Page.ts:1560:35)
    at /Users/ge/mit/vuer-headless/src/index.ts:34:14
    at Generator.next (<anonymous>)
    at fulfilled (/Users/ge/mit/vuer-headless/src/index.ts:28:58)
    at processTicksAndRejections (node:internal/process/task_queues:95:5)
error Command failed with exit code 1.
info Visit https://yarnpkg.com/en/docs/cli/run for documentation about this command.
/Users/ge/mit/vuer-headless/node_modules/puppeteer-core/src/util/Deferred.ts:33
      this.#timeoutError = new TimeoutError(opts.message);
                           ^
TimeoutError: Navigation timeout of 30000 ms exceeded
    at new Deferred (/Users/ge/mit/vuer-headless/node_modules/puppeteer-core/src/util/Deferred.ts:33:28)
    at Function.create (/Users/ge/mit/vuer-headless/node_modules/puppeteer-core/src/util/Deferred.ts:85:12)
    at new LifecycleWatcher (/Users/ge/mit/vuer-headless/node_modules/puppeteer-core/src/cdp/LifecycleWatcher.ts:170:42)
    at CdpFrame.goto (/Users/ge/mit/vuer-headless/node_modules/puppeteer-core/src/cdp/Frame.ts:138:21)
    at CdpFrame.<anonymous> (/Users/ge/mit/vuer-headless/node_modules/puppeteer-core/src/util/decorators.ts:61:21)
    at CdpPage.goto (/Users/ge/mit/vuer-headless/node_modules/puppeteer-core/src/api/Page.ts:1560:35)
    at /Users/ge/mit/vuer-headless/src/index.ts:34:14
    at Generator.next (<anonymous>)
    at fulfilled (/Users/ge/mit/vuer-headless/src/index.ts:28:58)
    at processTicksAndRejections (node:internal/process/task_queues:95:5)
error Command failed with exit code 1.
info Visit https://yarnpkg.com/en/docs/cli/run for documentation about this command.
/Users/ge/mit/vuer-headless/node_modules/puppeteer-core/src/util/Deferred.ts:33
      this.#timeoutError = new TimeoutError(opts.message);
                           ^
TimeoutError: Navigation timeout of 30000 ms exceeded
    at new Deferred (/Users/ge/mit/vuer-headless/node_modules/puppeteer-core/src/util/Deferred.ts:33:28)
    at Function.create (/Users/ge/mit/vuer-headless/node_modules/puppeteer-core/src/util/Deferred.ts:85:12)
    at new LifecycleWatcher (/Users/ge/mit/vuer-headless/node_modules/puppeteer-core/src/cdp/LifecycleWatcher.ts:170:42)
    at CdpFrame.goto (/Users/ge/mit/vuer-headless/node_modules/puppeteer-core/src/cdp/Frame.ts:138:21)
    at CdpFrame.<anonymous> (/Users/ge/mit/vuer-headless/node_modules/puppeteer-core/src/util/decorators.ts:61:21)
    at CdpPage.goto (/Users/ge/mit/vuer-headless/node_modules/puppeteer-core/src/api/Page.ts:1560:35)
    at /Users/ge/mit/vuer-headless/src/index.ts:34:14
    at Generator.next (<anonymous>)
    at fulfilled (/Users/ge/mit/vuer-headless/src/index.ts:28:58)
    at processTicksAndRejections (node:internal/process/task_queues:95:5)
error Command failed with exit code 1.
info Visit https://yarnpkg.com/en/docs/cli/run for documentation about this command.
/Users/ge/mit/vuer-headless/node_modules/puppeteer-core/src/util/Deferred.ts:33
      this.#timeoutError = new TimeoutError(opts.message);
                           ^
TimeoutError: Navigation timeout of 30000 ms exceeded
    at new Deferred (/Users/ge/mit/vuer-headless/node_modules/puppeteer-core/src/util/Deferred.ts:33:28)
    at Function.create (/Users/ge/mit/vuer-headless/node_modules/puppeteer-core/src/util/Deferred.ts:85:12)
    at new LifecycleWatcher (/Users/ge/mit/vuer-headless/node_modules/puppeteer-core/src/cdp/LifecycleWatcher.ts:170:42)
    at CdpFrame.goto (/Users/ge/mit/vuer-headless/node_modules/puppeteer-core/src/cdp/Frame.ts:138:21)
    at CdpFrame.<anonymous> (/Users/ge/mit/vuer-headless/node_modules/puppeteer-core/src/util/decorators.ts:61:21)
    at CdpPage.goto (/Users/ge/mit/vuer-headless/node_modules/puppeteer-core/src/api/Page.ts:1560:35)
    at /Users/ge/mit/vuer-headless/src/index.ts:34:14
    at Generator.next (<anonymous>)
    at fulfilled (/Users/ge/mit/vuer-headless/src/index.ts:28:58)
    at processTicksAndRejections (node:internal/process/task_queues:95:5)
error Command failed with exit code 1.
info Visit https://yarnpkg.com/en/docs/cli/run for documentation about this command.
Done in 79.63s.
Done in 81.26s.
Done in 91.43s.
Done in 83.29s.
Done in 83.17s.
Done in 84.57s.
Done in 89.61s.
Done in 85.24s.
Done in 86.10s.
Done in 89.84s.
Done in 91.27s.
Done in 91.77s.
Done in 102.32s.
Done in 90.73s.
Done in 102.52s.
Done in 107.73s.
Done in 108.59s.
Done in 111.84s.
